[2024-09-20T15:16:13.512+0530][gc,heap] Heap region size: 1M
[2024-09-20T15:16:13.527+0530][gc     ] Using G1
[2024-09-20T15:16:13.527+0530][gc,heap,coops] Heap address: 0x00000000c0000000, size: 1024 MB, Compressed Oops mode: 32-bit
[2024-09-20T15:16:13.527+0530][gc,cds       ] Mark closed archive regions in map: [0x00000000fff00000, 0x00000000fff6bff8]
[2024-09-20T15:16:13.527+0530][gc,cds       ] Mark open archive regions in map: [0x00000000ffe00000, 0x00000000ffe47ff8]
[2024-09-20T15:16:14.201+0530][gc,start     ] GC(0) Pause Young (Normal) (G1 Evacuation Pause)
[2024-09-20T15:16:14.202+0530][gc,task      ] GC(0) Using 10 workers of 10 for evacuation
[2024-09-20T15:16:14.211+0530][gc,phases    ] GC(0)   Pre Evacuate Collection Set: 0.0ms
[2024-09-20T15:16:14.211+0530][gc,phases    ] GC(0)   Evacuate Collection Set: 8.3ms
[2024-09-20T15:16:14.211+0530][gc,phases    ] GC(0)   Post Evacuate Collection Set: 0.5ms
[2024-09-20T15:16:14.211+0530][gc,phases    ] GC(0)   Other: 1.3ms
[2024-09-20T15:16:14.211+0530][gc,heap      ] GC(0) Eden regions: 51->0(44)
[2024-09-20T15:16:14.211+0530][gc,heap      ] GC(0) Survivor regions: 0->7(7)
[2024-09-20T15:16:14.211+0530][gc,heap      ] GC(0) Old regions: 2->2
[2024-09-20T15:16:14.211+0530][gc,heap      ] GC(0) Humongous regions: 0->0
[2024-09-20T15:16:14.211+0530][gc,metaspace ] GC(0) Metaspace: 13935K(14464K)->13935K(14464K) NonClass: 12218K(12544K)->12218K(12544K) Class: 1716K(1920K)->1716K(1920K)
[2024-09-20T15:16:14.211+0530][gc           ] GC(0) Pause Young (Normal) (G1 Evacuation Pause) 51M->7M(1024M) 10.184ms
[2024-09-20T15:16:14.211+0530][gc,cpu       ] GC(0) User=0.07s Sys=0.01s Real=0.01s
[2024-09-20T15:16:14.513+0530][gc,start     ] GC(1) Pause Young (Concurrent Start) (Metadata GC Threshold)
[2024-09-20T15:16:14.513+0530][gc,task      ] GC(1) Using 10 workers of 10 for evacuation
[2024-09-20T15:16:14.525+0530][gc,phases    ] GC(1)   Pre Evacuate Collection Set: 0.1ms
[2024-09-20T15:16:14.525+0530][gc,phases    ] GC(1)   Evacuate Collection Set: 10.4ms
[2024-09-20T15:16:14.525+0530][gc,phases    ] GC(1)   Post Evacuate Collection Set: 0.9ms
[2024-09-20T15:16:14.525+0530][gc,phases    ] GC(1)   Other: 0.3ms
[2024-09-20T15:16:14.525+0530][gc,heap      ] GC(1) Eden regions: 33->0(49)
[2024-09-20T15:16:14.525+0530][gc,heap      ] GC(1) Survivor regions: 7->2(7)
[2024-09-20T15:16:14.525+0530][gc,heap      ] GC(1) Old regions: 2->9
[2024-09-20T15:16:14.525+0530][gc,heap      ] GC(1) Humongous regions: 0->0
[2024-09-20T15:16:14.525+0530][gc,metaspace ] GC(1) Metaspace: 20541K(21248K)->20541K(21248K) NonClass: 18050K(18432K)->18050K(18432K) Class: 2491K(2816K)->2491K(2816K)
[2024-09-20T15:16:14.525+0530][gc           ] GC(1) Pause Young (Concurrent Start) (Metadata GC Threshold) 40M->8M(1024M) 11.894ms
[2024-09-20T15:16:14.525+0530][gc,cpu       ] GC(1) User=0.06s Sys=0.00s Real=0.01s
[2024-09-20T15:16:14.525+0530][gc           ] GC(2) Concurrent Cycle
[2024-09-20T15:16:14.525+0530][gc,marking   ] GC(2) Concurrent Clear Claimed Marks
[2024-09-20T15:16:14.525+0530][gc,marking   ] GC(2) Concurrent Clear Claimed Marks 0.069ms
[2024-09-20T15:16:14.525+0530][gc,marking   ] GC(2) Concurrent Scan Root Regions
[2024-09-20T15:16:14.527+0530][gc,marking   ] GC(2) Concurrent Scan Root Regions 1.813ms
[2024-09-20T15:16:14.527+0530][gc,marking   ] GC(2) Concurrent Mark (1.018s)
[2024-09-20T15:16:14.527+0530][gc,marking   ] GC(2) Concurrent Mark From Roots
[2024-09-20T15:16:14.528+0530][gc,task      ] GC(2) Using 3 workers of 3 for marking
[2024-09-20T15:16:14.534+0530][gc,marking   ] GC(2) Concurrent Mark From Roots 6.959ms
[2024-09-20T15:16:14.534+0530][gc,marking   ] GC(2) Concurrent Preclean
[2024-09-20T15:16:14.535+0530][gc,marking   ] GC(2) Concurrent Preclean 0.349ms
[2024-09-20T15:16:14.535+0530][gc,marking   ] GC(2) Concurrent Mark (1.018s, 1.026s) 7.423ms
[2024-09-20T15:16:14.535+0530][gc,start     ] GC(2) Pause Remark
[2024-09-20T15:16:14.537+0530][gc,stringtable] GC(2) Cleaned string and symbol table, strings: 5724 processed, 0 removed, symbols: 53363 processed, 44 removed
[2024-09-20T15:16:14.537+0530][gc            ] GC(2) Pause Remark 9M->9M(1024M) 2.328ms
[2024-09-20T15:16:14.537+0530][gc,cpu        ] GC(2) User=0.01s Sys=0.00s Real=0.00s
[2024-09-20T15:16:14.537+0530][gc,marking    ] GC(2) Concurrent Rebuild Remembered Sets
[2024-09-20T15:16:14.540+0530][gc,marking    ] GC(2) Concurrent Rebuild Remembered Sets 2.528ms
[2024-09-20T15:16:14.540+0530][gc,start      ] GC(2) Pause Cleanup
[2024-09-20T15:16:14.541+0530][gc            ] GC(2) Pause Cleanup 9M->9M(1024M) 0.284ms
[2024-09-20T15:16:14.541+0530][gc,cpu        ] GC(2) User=0.00s Sys=0.00s Real=0.00s
[2024-09-20T15:16:14.541+0530][gc,marking    ] GC(2) Concurrent Cleanup for Next Mark
[2024-09-20T15:16:14.545+0530][gc,marking    ] GC(2) Concurrent Cleanup for Next Mark 4.511ms
[2024-09-20T15:16:14.545+0530][gc            ] GC(2) Concurrent Cycle 20.194ms
[2024-09-20T15:16:15.083+0530][gc,start      ] GC(3) Pause Young (Normal) (G1 Evacuation Pause)
[2024-09-20T15:16:15.083+0530][gc,task       ] GC(3) Using 10 workers of 10 for evacuation
[2024-09-20T15:16:15.087+0530][gc,phases     ] GC(3)   Pre Evacuate Collection Set: 0.0ms
[2024-09-20T15:16:15.087+0530][gc,phases     ] GC(3)   Evacuate Collection Set: 2.7ms
[2024-09-20T15:16:15.087+0530][gc,phases     ] GC(3)   Post Evacuate Collection Set: 0.6ms
[2024-09-20T15:16:15.087+0530][gc,phases     ] GC(3)   Other: 0.1ms
[2024-09-20T15:16:15.087+0530][gc,heap       ] GC(3) Eden regions: 49->0(47)
[2024-09-20T15:16:15.087+0530][gc,heap       ] GC(3) Survivor regions: 2->4(7)
[2024-09-20T15:16:15.087+0530][gc,heap       ] GC(3) Old regions: 9->9
[2024-09-20T15:16:15.087+0530][gc,heap       ] GC(3) Humongous regions: 129->129
[2024-09-20T15:16:15.087+0530][gc,metaspace  ] GC(3) Metaspace: 28554K(29696K)->28554K(29696K) NonClass: 25249K(25856K)->25249K(25856K) Class: 3305K(3840K)->3305K(3840K)
[2024-09-20T15:16:15.087+0530][gc            ] GC(3) Pause Young (Normal) (G1 Evacuation Pause) 186M->139M(1024M) 3.707ms
[2024-09-20T15:16:15.087+0530][gc,cpu        ] GC(3) User=0.03s Sys=0.00s Real=0.01s
[2024-09-20T15:16:15.393+0530][gc,start      ] GC(4) Pause Young (Concurrent Start) (Metadata GC Threshold)
[2024-09-20T15:16:15.393+0530][gc,task       ] GC(4) Using 10 workers of 10 for evacuation
[2024-09-20T15:16:15.399+0530][gc,phases     ] GC(4)   Pre Evacuate Collection Set: 0.1ms
[2024-09-20T15:16:15.399+0530][gc,phases     ] GC(4)   Evacuate Collection Set: 5.7ms
[2024-09-20T15:16:15.399+0530][gc,phases     ] GC(4)   Post Evacuate Collection Set: 0.6ms
[2024-09-20T15:16:15.399+0530][gc,phases     ] GC(4)   Other: 0.3ms
[2024-09-20T15:16:15.399+0530][gc,heap       ] GC(4) Eden regions: 39->0(44)
[2024-09-20T15:16:15.399+0530][gc,heap       ] GC(4) Survivor regions: 4->7(7)
[2024-09-20T15:16:15.399+0530][gc,heap       ] GC(4) Old regions: 9->10
[2024-09-20T15:16:15.399+0530][gc,heap       ] GC(4) Humongous regions: 129->129
[2024-09-20T15:16:15.399+0530][gc,metaspace  ] GC(4) Metaspace: 34370K(35840K)->34370K(35840K) NonClass: 30357K(31232K)->30357K(31232K) Class: 4013K(4608K)->4013K(4608K)
[2024-09-20T15:16:15.399+0530][gc            ] GC(4) Pause Young (Concurrent Start) (Metadata GC Threshold) 177M->143M(1024M) 6.767ms
[2024-09-20T15:16:15.399+0530][gc,cpu        ] GC(4) User=0.06s Sys=0.00s Real=0.00s
[2024-09-20T15:16:15.400+0530][gc            ] GC(5) Concurrent Cycle
[2024-09-20T15:16:15.400+0530][gc,marking    ] GC(5) Concurrent Clear Claimed Marks
[2024-09-20T15:16:15.400+0530][gc,marking    ] GC(5) Concurrent Clear Claimed Marks 0.129ms
[2024-09-20T15:16:15.400+0530][gc,marking    ] GC(5) Concurrent Scan Root Regions
[2024-09-20T15:16:15.402+0530][gc,marking    ] GC(5) Concurrent Scan Root Regions 2.469ms
[2024-09-20T15:16:15.402+0530][gc,marking    ] GC(5) Concurrent Mark (1.893s)
[2024-09-20T15:16:15.402+0530][gc,marking    ] GC(5) Concurrent Mark From Roots
[2024-09-20T15:16:15.402+0530][gc,task       ] GC(5) Using 3 workers of 3 for marking
[2024-09-20T15:16:15.408+0530][gc,marking    ] GC(5) Concurrent Mark From Roots 5.964ms
[2024-09-20T15:16:15.408+0530][gc,marking    ] GC(5) Concurrent Preclean
[2024-09-20T15:16:15.409+0530][gc,marking    ] GC(5) Concurrent Preclean 0.359ms
[2024-09-20T15:16:15.409+0530][gc,marking    ] GC(5) Concurrent Mark (1.893s, 1.900s) 6.395ms
[2024-09-20T15:16:15.409+0530][gc,start      ] GC(5) Pause Remark
[2024-09-20T15:16:15.413+0530][gc,stringtable] GC(5) Cleaned string and symbol table, strings: 11740 processed, 9 removed, symbols: 85783 processed, 15 removed
[2024-09-20T15:16:15.414+0530][gc            ] GC(5) Pause Remark 144M->144M(1024M) 4.756ms
[2024-09-20T15:16:15.414+0530][gc,cpu        ] GC(5) User=0.04s Sys=0.00s Real=0.01s
[2024-09-20T15:16:15.414+0530][gc,marking    ] GC(5) Concurrent Rebuild Remembered Sets
[2024-09-20T15:16:15.418+0530][gc,marking    ] GC(5) Concurrent Rebuild Remembered Sets 4.284ms
[2024-09-20T15:16:15.419+0530][gc,start      ] GC(5) Pause Cleanup
[2024-09-20T15:16:15.419+0530][gc            ] GC(5) Pause Cleanup 145M->145M(1024M) 0.266ms
[2024-09-20T15:16:15.419+0530][gc,cpu        ] GC(5) User=0.00s Sys=0.00s Real=0.00s
[2024-09-20T15:16:15.419+0530][gc,marking    ] GC(5) Concurrent Cleanup for Next Mark
[2024-09-20T15:16:15.424+0530][gc,marking    ] GC(5) Concurrent Cleanup for Next Mark 5.495ms
[2024-09-20T15:16:15.424+0530][gc            ] GC(5) Concurrent Cycle 24.958ms
[2024-09-20T15:18:01.374+0530][gc,start      ] GC(6) Pause Young (Normal) (G1 Evacuation Pause)
[2024-09-20T15:18:01.374+0530][gc,task       ] GC(6) Using 10 workers of 10 for evacuation
[2024-09-20T15:18:01.382+0530][gc,phases     ] GC(6)   Pre Evacuate Collection Set: 0.0ms
[2024-09-20T15:18:01.382+0530][gc,phases     ] GC(6)   Evacuate Collection Set: 7.0ms
[2024-09-20T15:18:01.382+0530][gc,phases     ] GC(6)   Post Evacuate Collection Set: 0.9ms
[2024-09-20T15:18:01.382+0530][gc,phases     ] GC(6)   Other: 0.3ms
[2024-09-20T15:18:01.382+0530][gc,heap       ] GC(6) Eden regions: 44->0(48)
[2024-09-20T15:18:01.382+0530][gc,heap       ] GC(6) Survivor regions: 7->3(7)
[2024-09-20T15:18:01.382+0530][gc,heap       ] GC(6) Old regions: 10->16
[2024-09-20T15:18:01.382+0530][gc,heap       ] GC(6) Humongous regions: 141->129
[2024-09-20T15:18:01.382+0530][gc,metaspace  ] GC(6) Metaspace: 41171K(43520K)->41171K(43520K) NonClass: 35905K(37120K)->35905K(37120K) Class: 5265K(6400K)->5265K(6400K)
[2024-09-20T15:18:01.382+0530][gc            ] GC(6) Pause Young (Normal) (G1 Evacuation Pause) 199M->146M(1024M) 8.436ms
[2024-09-20T15:18:01.382+0530][gc,cpu        ] GC(6) User=0.05s Sys=0.02s Real=0.00s
[2024-09-20T15:26:45.069+0530][gc,start      ] GC(7) Pause Young (Normal) (G1 Evacuation Pause)
[2024-09-20T15:26:45.069+0530][gc,task       ] GC(7) Using 10 workers of 10 for evacuation
[2024-09-20T15:26:45.076+0530][gc,phases     ] GC(7)   Pre Evacuate Collection Set: 0.0ms
[2024-09-20T15:26:45.076+0530][gc,phases     ] GC(7)   Evacuate Collection Set: 5.4ms
[2024-09-20T15:26:45.076+0530][gc,phases     ] GC(7)   Post Evacuate Collection Set: 0.7ms
[2024-09-20T15:26:45.076+0530][gc,phases     ] GC(7)   Other: 0.3ms
[2024-09-20T15:26:45.076+0530][gc,heap       ] GC(7) Eden regions: 48->0(46)
[2024-09-20T15:26:45.076+0530][gc,heap       ] GC(7) Survivor regions: 3->5(7)
[2024-09-20T15:26:45.076+0530][gc,heap       ] GC(7) Old regions: 16->16
[2024-09-20T15:26:45.076+0530][gc,heap       ] GC(7) Humongous regions: 129->129
[2024-09-20T15:26:45.076+0530][gc,metaspace  ] GC(7) Metaspace: 44049K(47104K)->44049K(47104K) NonClass: 38345K(39936K)->38345K(39936K) Class: 5703K(7168K)->5703K(7168K)
[2024-09-20T15:26:45.076+0530][gc            ] GC(7) Pause Young (Normal) (G1 Evacuation Pause) 194M->148M(1024M) 6.549ms
[2024-09-20T15:26:45.076+0530][gc,cpu        ] GC(7) User=0.06s Sys=0.00s Real=0.01s
[2024-09-20T15:39:09.385+0530][gc,start      ] GC(8) Pause Young (Normal) (G1 Evacuation Pause)
[2024-09-20T15:39:09.385+0530][gc,task       ] GC(8) Using 10 workers of 10 for evacuation
[2024-09-20T15:39:09.392+0530][gc,phases     ] GC(8)   Pre Evacuate Collection Set: 0.0ms
[2024-09-20T15:39:09.392+0530][gc,phases     ] GC(8)   Evacuate Collection Set: 6.0ms
[2024-09-20T15:39:09.392+0530][gc,phases     ] GC(8)   Post Evacuate Collection Set: 0.6ms
[2024-09-20T15:39:09.392+0530][gc,phases     ] GC(8)   Other: 0.4ms
[2024-09-20T15:39:09.392+0530][gc,heap       ] GC(8) Eden regions: 46->0(48)
[2024-09-20T15:39:09.392+0530][gc,heap       ] GC(8) Survivor regions: 5->3(7)
[2024-09-20T15:39:09.392+0530][gc,heap       ] GC(8) Old regions: 16->18
[2024-09-20T15:39:09.392+0530][gc,heap       ] GC(8) Humongous regions: 129->129
[2024-09-20T15:39:09.392+0530][gc,metaspace  ] GC(8) Metaspace: 44214K(47104K)->44214K(47104K) NonClass: 38510K(39936K)->38510K(39936K) Class: 5703K(7168K)->5703K(7168K)
[2024-09-20T15:39:09.392+0530][gc            ] GC(8) Pause Young (Normal) (G1 Evacuation Pause) 194M->148M(1024M) 7.170ms
[2024-09-20T15:39:09.392+0530][gc,cpu        ] GC(8) User=0.06s Sys=0.01s Real=0.01s
[2024-09-20T15:54:30.201+0530][gc,start      ] GC(9) Pause Young (Normal) (G1 Evacuation Pause)
[2024-09-20T15:54:30.201+0530][gc,task       ] GC(9) Using 10 workers of 10 for evacuation
[2024-09-20T15:54:30.204+0530][gc,phases     ] GC(9)   Pre Evacuate Collection Set: 0.0ms
[2024-09-20T15:54:30.204+0530][gc,phases     ] GC(9)   Evacuate Collection Set: 2.1ms
[2024-09-20T15:54:30.204+0530][gc,phases     ] GC(9)   Post Evacuate Collection Set: 0.6ms
[2024-09-20T15:54:30.204+0530][gc,phases     ] GC(9)   Other: 0.1ms
[2024-09-20T15:54:30.204+0530][gc,heap       ] GC(9) Eden regions: 48->0(48)
[2024-09-20T15:54:30.204+0530][gc,heap       ] GC(9) Survivor regions: 3->3(7)
[2024-09-20T15:54:30.204+0530][gc,heap       ] GC(9) Old regions: 18->18
[2024-09-20T15:54:30.204+0530][gc,heap       ] GC(9) Humongous regions: 129->129
[2024-09-20T15:54:30.204+0530][gc,metaspace  ] GC(9) Metaspace: 44332K(47360K)->44332K(47360K) NonClass: 38628K(40192K)->38628K(40192K) Class: 5703K(7168K)->5703K(7168K)
[2024-09-20T15:54:30.204+0530][gc            ] GC(9) Pause Young (Normal) (G1 Evacuation Pause) 196M->148M(1024M) 2.932ms
[2024-09-20T15:54:30.204+0530][gc,cpu        ] GC(9) User=0.02s Sys=0.01s Real=0.00s
[2024-09-20T16:10:27.709+0530][gc,start      ] GC(10) Pause Young (Normal) (G1 Evacuation Pause)
[2024-09-20T16:10:27.709+0530][gc,task       ] GC(10) Using 10 workers of 10 for evacuation
[2024-09-20T16:10:27.717+0530][gc,phases     ] GC(10)   Pre Evacuate Collection Set: 0.0ms
[2024-09-20T16:10:27.717+0530][gc,phases     ] GC(10)   Evacuate Collection Set: 6.3ms
[2024-09-20T16:10:27.718+0530][gc,phases     ] GC(10)   Post Evacuate Collection Set: 1.5ms
[2024-09-20T16:10:27.718+0530][gc,phases     ] GC(10)   Other: 0.4ms
[2024-09-20T16:10:27.718+0530][gc,heap       ] GC(10) Eden regions: 48->0(51)
[2024-09-20T16:10:27.718+0530][gc,heap       ] GC(10) Survivor regions: 3->3(7)
[2024-09-20T16:10:27.718+0530][gc,heap       ] GC(10) Old regions: 18->18
[2024-09-20T16:10:27.718+0530][gc,heap       ] GC(10) Humongous regions: 129->129
[2024-09-20T16:10:27.718+0530][gc,metaspace  ] GC(10) Metaspace: 44424K(47360K)->44424K(47360K) NonClass: 38720K(40192K)->38720K(40192K) Class: 5703K(7168K)->5703K(7168K)
[2024-09-20T16:10:27.718+0530][gc            ] GC(10) Pause Young (Normal) (G1 Evacuation Pause) 196M->148M(1024M) 8.563ms
[2024-09-20T16:10:27.718+0530][gc,cpu        ] GC(10) User=0.06s Sys=0.00s Real=0.01s
[2024-09-20T16:26:35.726+0530][gc,start      ] GC(11) Pause Young (Normal) (G1 Evacuation Pause)
[2024-09-20T16:26:35.726+0530][gc,task       ] GC(11) Using 10 workers of 10 for evacuation
[2024-09-20T16:26:35.733+0530][gc,phases     ] GC(11)   Pre Evacuate Collection Set: 0.0ms
[2024-09-20T16:26:35.733+0530][gc,phases     ] GC(11)   Evacuate Collection Set: 6.0ms
[2024-09-20T16:26:35.733+0530][gc,phases     ] GC(11)   Post Evacuate Collection Set: 0.6ms
[2024-09-20T16:26:35.733+0530][gc,phases     ] GC(11)   Other: 0.4ms
[2024-09-20T16:26:35.733+0530][gc,heap       ] GC(11) Eden regions: 51->0(55)
[2024-09-20T16:26:35.733+0530][gc,heap       ] GC(11) Survivor regions: 3->4(7)
[2024-09-20T16:26:35.733+0530][gc,heap       ] GC(11) Old regions: 18->18
[2024-09-20T16:26:35.733+0530][gc,heap       ] GC(11) Humongous regions: 129->129
[2024-09-20T16:26:35.733+0530][gc,metaspace  ] GC(11) Metaspace: 44495K(47360K)->44495K(47360K) NonClass: 38786K(40192K)->38786K(40192K) Class: 5709K(7168K)->5709K(7168K)
[2024-09-20T16:26:35.733+0530][gc            ] GC(11) Pause Young (Normal) (G1 Evacuation Pause) 199M->149M(1024M) 7.072ms
[2024-09-20T16:26:35.733+0530][gc,cpu        ] GC(11) User=0.04s Sys=0.01s Real=0.01s
[2024-09-20T16:35:32.315+0530][gc,start      ] GC(12) Pause Young (Normal) (G1 Evacuation Pause)
[2024-09-20T16:35:32.315+0530][gc,task       ] GC(12) Using 10 workers of 10 for evacuation
[2024-09-20T16:35:32.331+0530][gc,phases     ] GC(12)   Pre Evacuate Collection Set: 0.1ms
[2024-09-20T16:35:32.331+0530][gc,phases     ] GC(12)   Evacuate Collection Set: 11.6ms
[2024-09-20T16:35:32.331+0530][gc,phases     ] GC(12)   Post Evacuate Collection Set: 4.0ms
[2024-09-20T16:35:32.331+0530][gc,phases     ] GC(12)   Other: 0.6ms
[2024-09-20T16:35:32.331+0530][gc,heap       ] GC(12) Eden regions: 55->0(417)
[2024-09-20T16:35:32.332+0530][gc,heap       ] GC(12) Survivor regions: 4->4(8)
[2024-09-20T16:35:32.332+0530][gc,heap       ] GC(12) Old regions: 18->18
[2024-09-20T16:35:32.332+0530][gc,heap       ] GC(12) Humongous regions: 129->129
[2024-09-20T16:35:32.332+0530][gc,metaspace  ] GC(12) Metaspace: 44983K(48128K)->44983K(48128K) NonClass: 39270K(40960K)->39270K(40960K) Class: 5713K(7168K)->5713K(7168K)
[2024-09-20T16:35:32.332+0530][gc            ] GC(12) Pause Young (Normal) (G1 Evacuation Pause) 204M->148M(1024M) 16.623ms
[2024-09-20T16:35:32.332+0530][gc,cpu        ] GC(12) User=0.11s Sys=0.00s Real=0.01s
[2024-09-20T17:32:15.990+0530][gc,start      ] GC(13) Pause Young (Normal) (G1 Evacuation Pause)
[2024-09-20T17:32:15.990+0530][gc,task       ] GC(13) Using 10 workers of 10 for evacuation
[2024-09-20T17:32:15.997+0530][gc,phases     ] GC(13)   Pre Evacuate Collection Set: 0.0ms
[2024-09-20T17:32:15.997+0530][gc,phases     ] GC(13)   Evacuate Collection Set: 5.5ms
[2024-09-20T17:32:15.997+0530][gc,phases     ] GC(13)   Post Evacuate Collection Set: 0.8ms
[2024-09-20T17:32:15.997+0530][gc,phases     ] GC(13)   Other: 0.3ms
[2024-09-20T17:32:15.997+0530][gc,heap       ] GC(13) Eden regions: 417->0(603)
[2024-09-20T17:32:15.997+0530][gc,heap       ] GC(13) Survivor regions: 4->4(53)
[2024-09-20T17:32:15.997+0530][gc,heap       ] GC(13) Old regions: 18->18
[2024-09-20T17:32:15.997+0530][gc,heap       ] GC(13) Humongous regions: 129->129
[2024-09-20T17:32:15.997+0530][gc,metaspace  ] GC(13) Metaspace: 45089K(48128K)->45089K(48128K) NonClass: 39375K(40960K)->39375K(40960K) Class: 5714K(7168K)->5714K(7168K)
[2024-09-20T17:32:15.997+0530][gc            ] GC(13) Pause Young (Normal) (G1 Evacuation Pause) 565M->148M(1024M) 6.729ms
[2024-09-20T17:32:15.997+0530][gc,cpu        ] GC(13) User=0.04s Sys=0.02s Real=0.01s
[2024-09-20T20:02:37.320+0530][gc,start      ] GC(14) Pause Young (Normal) (G1 Evacuation Pause)
[2024-09-20T20:02:37.320+0530][gc,task       ] GC(14) Using 10 workers of 10 for evacuation
[2024-09-20T20:02:37.338+0530][gc,phases     ] GC(14)   Pre Evacuate Collection Set: 0.2ms
[2024-09-20T20:02:37.338+0530][gc,phases     ] GC(14)   Evacuate Collection Set: 8.6ms
[2024-09-20T20:02:37.338+0530][gc,phases     ] GC(14)   Post Evacuate Collection Set: 8.4ms
[2024-09-20T20:02:37.338+0530][gc,phases     ] GC(14)   Other: 0.6ms
[2024-09-20T20:02:37.338+0530][gc,heap       ] GC(14) Eden regions: 520->0(346)
[2024-09-20T20:02:37.338+0530][gc,heap       ] GC(14) Survivor regions: 4->5(66)
[2024-09-20T20:02:37.338+0530][gc,heap       ] GC(14) Old regions: 18->18
[2024-09-20T20:02:37.338+0530][gc,heap       ] GC(14) Humongous regions: 129->129
[2024-09-20T20:02:37.338+0530][gc,metaspace  ] GC(14) Metaspace: 45829K(48896K)->45829K(48896K) NonClass: 39919K(41472K)->39919K(41472K) Class: 5910K(7424K)->5910K(7424K)
[2024-09-20T20:02:37.338+0530][gc            ] GC(14) Pause Young (Normal) (G1 Evacuation Pause) 668M->150M(1024M) 18.013ms
[2024-09-20T20:02:37.338+0530][gc,cpu        ] GC(14) User=0.12s Sys=0.00s Real=0.02s
[2024-09-20T20:02:38.649+0530][gc,heap,exit  ] Heap
[2024-09-20T20:02:38.649+0530][gc,heap,exit  ]  garbage-first heap   total 1048576K, used 157746K [0x00000000c0000000, 0x0000000100000000)
[2024-09-20T20:02:38.649+0530][gc,heap,exit  ]   region size 1024K, 10 young (10240K), 5 survivors (5120K)
[2024-09-20T20:02:38.649+0530][gc,heap,exit  ]  Metaspace       used 45943K, capacity 48988K, committed 49152K, reserved 1091584K
[2024-09-20T20:02:38.649+0530][gc,heap,exit  ]   class space    used 5942K, capacity 7417K, committed 7424K, reserved 1048576K
