[2024-09-29T15:06:04.210+0530][gc,heap] Heap region size: 1M
[2024-09-29T15:06:04.227+0530][gc     ] Using G1
[2024-09-29T15:06:04.227+0530][gc,heap,coops] Heap address: 0x00000000c0000000, size: 1024 MB, Compressed Oops mode: 32-bit
[2024-09-29T15:06:04.227+0530][gc,cds       ] Mark closed archive regions in map: [0x00000000fff00000, 0x00000000fff6bff8]
[2024-09-29T15:06:04.227+0530][gc,cds       ] Mark open archive regions in map: [0x00000000ffe00000, 0x00000000ffe47ff8]
[2024-09-29T15:06:04.964+0530][gc,start     ] GC(0) Pause Young (Normal) (G1 Evacuation Pause)
[2024-09-29T15:06:04.966+0530][gc,task      ] GC(0) Using 10 workers of 10 for evacuation
[2024-09-29T15:06:04.975+0530][gc,phases    ] GC(0)   Pre Evacuate Collection Set: 0.0ms
[2024-09-29T15:06:04.975+0530][gc,phases    ] GC(0)   Evacuate Collection Set: 8.6ms
[2024-09-29T15:06:04.975+0530][gc,phases    ] GC(0)   Post Evacuate Collection Set: 0.4ms
[2024-09-29T15:06:04.975+0530][gc,phases    ] GC(0)   Other: 1.3ms
[2024-09-29T15:06:04.975+0530][gc,heap      ] GC(0) Eden regions: 51->0(44)
[2024-09-29T15:06:04.975+0530][gc,heap      ] GC(0) Survivor regions: 0->7(7)
[2024-09-29T15:06:04.975+0530][gc,heap      ] GC(0) Old regions: 2->3
[2024-09-29T15:06:04.975+0530][gc,heap      ] GC(0) Humongous regions: 0->0
[2024-09-29T15:06:04.975+0530][gc,metaspace ] GC(0) Metaspace: 13923K(14464K)->13923K(14464K) NonClass: 12210K(12544K)->12210K(12544K) Class: 1713K(1920K)->1713K(1920K)
[2024-09-29T15:06:04.975+0530][gc           ] GC(0) Pause Young (Normal) (G1 Evacuation Pause) 51M->7M(1024M) 10.441ms
[2024-09-29T15:06:04.975+0530][gc,cpu       ] GC(0) User=0.08s Sys=0.00s Real=0.01s
[2024-09-29T15:06:05.421+0530][gc,start     ] GC(1) Pause Young (Concurrent Start) (Metadata GC Threshold)
[2024-09-29T15:06:05.421+0530][gc,task      ] GC(1) Using 10 workers of 10 for evacuation
[2024-09-29T15:06:05.435+0530][gc,phases    ] GC(1)   Pre Evacuate Collection Set: 0.1ms
[2024-09-29T15:06:05.435+0530][gc,phases    ] GC(1)   Evacuate Collection Set: 12.6ms
[2024-09-29T15:06:05.435+0530][gc,phases    ] GC(1)   Post Evacuate Collection Set: 1.0ms
[2024-09-29T15:06:05.435+0530][gc,phases    ] GC(1)   Other: 0.3ms
[2024-09-29T15:06:05.435+0530][gc,heap      ] GC(1) Eden regions: 32->0(49)
[2024-09-29T15:06:05.435+0530][gc,heap      ] GC(1) Survivor regions: 7->2(7)
[2024-09-29T15:06:05.435+0530][gc,heap      ] GC(1) Old regions: 3->9
[2024-09-29T15:06:05.435+0530][gc,heap      ] GC(1) Humongous regions: 0->0
[2024-09-29T15:06:05.435+0530][gc,metaspace ] GC(1) Metaspace: 20543K(21248K)->20543K(21248K) NonClass: 18050K(18432K)->18050K(18432K) Class: 2492K(2816K)->2492K(2816K)
[2024-09-29T15:06:05.435+0530][gc           ] GC(1) Pause Young (Concurrent Start) (Metadata GC Threshold) 39M->9M(1024M) 14.428ms
[2024-09-29T15:06:05.435+0530][gc,cpu       ] GC(1) User=0.08s Sys=0.00s Real=0.01s
[2024-09-29T15:06:05.435+0530][gc           ] GC(2) Concurrent Cycle
[2024-09-29T15:06:05.435+0530][gc,marking   ] GC(2) Concurrent Clear Claimed Marks
[2024-09-29T15:06:05.435+0530][gc,marking   ] GC(2) Concurrent Clear Claimed Marks 0.113ms
[2024-09-29T15:06:05.435+0530][gc,marking   ] GC(2) Concurrent Scan Root Regions
[2024-09-29T15:06:05.437+0530][gc,marking   ] GC(2) Concurrent Scan Root Regions 1.500ms
[2024-09-29T15:06:05.437+0530][gc,marking   ] GC(2) Concurrent Mark (1.230s)
[2024-09-29T15:06:05.437+0530][gc,marking   ] GC(2) Concurrent Mark From Roots
[2024-09-29T15:06:05.437+0530][gc,task      ] GC(2) Using 3 workers of 3 for marking
[2024-09-29T15:06:05.446+0530][gc,marking   ] GC(2) Concurrent Mark From Roots 8.711ms
[2024-09-29T15:06:05.446+0530][gc,marking   ] GC(2) Concurrent Preclean
[2024-09-29T15:06:05.446+0530][gc,marking   ] GC(2) Concurrent Preclean 0.217ms
[2024-09-29T15:06:05.446+0530][gc,marking   ] GC(2) Concurrent Mark (1.230s, 1.239s) 9.012ms
[2024-09-29T15:06:05.446+0530][gc,start     ] GC(2) Pause Remark
[2024-09-29T15:06:05.449+0530][gc,stringtable] GC(2) Cleaned string and symbol table, strings: 5767 processed, 0 removed, symbols: 53557 processed, 45 removed
[2024-09-29T15:06:05.449+0530][gc            ] GC(2) Pause Remark 10M->10M(1024M) 2.937ms
[2024-09-29T15:06:05.449+0530][gc,cpu        ] GC(2) User=0.02s Sys=0.00s Real=0.00s
[2024-09-29T15:06:05.449+0530][gc,marking    ] GC(2) Concurrent Rebuild Remembered Sets
[2024-09-29T15:06:05.452+0530][gc,marking    ] GC(2) Concurrent Rebuild Remembered Sets 2.423ms
[2024-09-29T15:06:05.452+0530][gc,start      ] GC(2) Pause Cleanup
[2024-09-29T15:06:05.452+0530][gc            ] GC(2) Pause Cleanup 10M->10M(1024M) 0.270ms
[2024-09-29T15:06:05.452+0530][gc,cpu        ] GC(2) User=0.00s Sys=0.00s Real=0.00s
[2024-09-29T15:06:05.452+0530][gc,marking    ] GC(2) Concurrent Cleanup for Next Mark
[2024-09-29T15:06:05.456+0530][gc,marking    ] GC(2) Concurrent Cleanup for Next Mark 3.816ms
[2024-09-29T15:06:05.456+0530][gc            ] GC(2) Concurrent Cycle 20.790ms
[2024-09-29T15:06:05.997+0530][gc,start      ] GC(3) Pause Young (Normal) (G1 Evacuation Pause)
[2024-09-29T15:06:05.997+0530][gc,task       ] GC(3) Using 10 workers of 10 for evacuation
[2024-09-29T15:06:06.001+0530][gc,phases     ] GC(3)   Pre Evacuate Collection Set: 0.0ms
[2024-09-29T15:06:06.001+0530][gc,phases     ] GC(3)   Evacuate Collection Set: 3.1ms
[2024-09-29T15:06:06.001+0530][gc,phases     ] GC(3)   Post Evacuate Collection Set: 0.5ms
[2024-09-29T15:06:06.001+0530][gc,phases     ] GC(3)   Other: 0.2ms
[2024-09-29T15:06:06.001+0530][gc,heap       ] GC(3) Eden regions: 49->0(46)
[2024-09-29T15:06:06.001+0530][gc,heap       ] GC(3) Survivor regions: 2->5(7)
[2024-09-29T15:06:06.001+0530][gc,heap       ] GC(3) Old regions: 9->9
[2024-09-29T15:06:06.001+0530][gc,heap       ] GC(3) Humongous regions: 129->129
[2024-09-29T15:06:06.001+0530][gc,metaspace  ] GC(3) Metaspace: 28256K(29440K)->28256K(29440K) NonClass: 24964K(25600K)->24964K(25600K) Class: 3292K(3840K)->3292K(3840K)
[2024-09-29T15:06:06.001+0530][gc            ] GC(3) Pause Young (Normal) (G1 Evacuation Pause) 187M->141M(1024M) 3.973ms
[2024-09-29T15:06:06.001+0530][gc,cpu        ] GC(3) User=0.03s Sys=0.00s Real=0.01s
[2024-09-29T15:06:06.304+0530][gc,start      ] GC(4) Pause Young (Concurrent Start) (Metadata GC Threshold)
[2024-09-29T15:06:06.304+0530][gc,task       ] GC(4) Using 10 workers of 10 for evacuation
[2024-09-29T15:06:06.310+0530][gc,phases     ] GC(4)   Pre Evacuate Collection Set: 0.2ms
[2024-09-29T15:06:06.310+0530][gc,phases     ] GC(4)   Evacuate Collection Set: 5.0ms
[2024-09-29T15:06:06.310+0530][gc,phases     ] GC(4)   Post Evacuate Collection Set: 0.5ms
[2024-09-29T15:06:06.310+0530][gc,phases     ] GC(4)   Other: 0.3ms
[2024-09-29T15:06:06.310+0530][gc,heap       ] GC(4) Eden regions: 34->0(44)
[2024-09-29T15:06:06.310+0530][gc,heap       ] GC(4) Survivor regions: 5->7(7)
[2024-09-29T15:06:06.310+0530][gc,heap       ] GC(4) Old regions: 9->10
[2024-09-29T15:06:06.310+0530][gc,heap       ] GC(4) Humongous regions: 129->129
[2024-09-29T15:06:06.310+0530][gc,metaspace  ] GC(4) Metaspace: 34321K(35840K)->34321K(35840K) NonClass: 30332K(31232K)->30332K(31232K) Class: 3988K(4608K)->3988K(4608K)
[2024-09-29T15:06:06.310+0530][gc            ] GC(4) Pause Young (Concurrent Start) (Metadata GC Threshold) 174M->143M(1024M) 6.239ms
[2024-09-29T15:06:06.310+0530][gc,cpu        ] GC(4) User=0.06s Sys=0.01s Real=0.01s
[2024-09-29T15:06:06.310+0530][gc            ] GC(5) Concurrent Cycle
[2024-09-29T15:06:06.310+0530][gc,marking    ] GC(5) Concurrent Clear Claimed Marks
[2024-09-29T15:06:06.310+0530][gc,marking    ] GC(5) Concurrent Clear Claimed Marks 0.165ms
[2024-09-29T15:06:06.310+0530][gc,marking    ] GC(5) Concurrent Scan Root Regions
[2024-09-29T15:06:06.313+0530][gc,marking    ] GC(5) Concurrent Scan Root Regions 2.671ms
[2024-09-29T15:06:06.313+0530][gc,marking    ] GC(5) Concurrent Mark (2.106s)
[2024-09-29T15:06:06.313+0530][gc,marking    ] GC(5) Concurrent Mark From Roots
[2024-09-29T15:06:06.313+0530][gc,task       ] GC(5) Using 3 workers of 3 for marking
[2024-09-29T15:06:06.322+0530][gc,marking    ] GC(5) Concurrent Mark From Roots 9.634ms
[2024-09-29T15:06:06.323+0530][gc,marking    ] GC(5) Concurrent Preclean
[2024-09-29T15:06:06.323+0530][gc,marking    ] GC(5) Concurrent Preclean 0.287ms
[2024-09-29T15:06:06.323+0530][gc,marking    ] GC(5) Concurrent Mark (2.106s, 2.116s) 10.011ms
[2024-09-29T15:06:06.323+0530][gc,start      ] GC(5) Pause Remark
[2024-09-29T15:06:06.326+0530][gc,stringtable] GC(5) Cleaned string and symbol table, strings: 11564 processed, 10 removed, symbols: 87104 processed, 15 removed
[2024-09-29T15:06:06.327+0530][gc            ] GC(5) Pause Remark 145M->145M(1024M) 3.668ms
[2024-09-29T15:06:06.327+0530][gc,cpu        ] GC(5) User=0.03s Sys=0.00s Real=0.00s
[2024-09-29T15:06:06.327+0530][gc,marking    ] GC(5) Concurrent Rebuild Remembered Sets
[2024-09-29T15:06:06.332+0530][gc,marking    ] GC(5) Concurrent Rebuild Remembered Sets 4.738ms
[2024-09-29T15:06:06.332+0530][gc,start      ] GC(5) Pause Cleanup
[2024-09-29T15:06:06.332+0530][gc            ] GC(5) Pause Cleanup 145M->145M(1024M) 0.320ms
[2024-09-29T15:06:06.332+0530][gc,cpu        ] GC(5) User=0.00s Sys=0.00s Real=0.00s
[2024-09-29T15:06:06.332+0530][gc,marking    ] GC(5) Concurrent Cleanup for Next Mark
[2024-09-29T15:06:06.338+0530][gc,marking    ] GC(5) Concurrent Cleanup for Next Mark 6.021ms
[2024-09-29T15:06:06.338+0530][gc            ] GC(5) Concurrent Cycle 28.546ms
[2024-09-29T15:09:28.137+0530][gc,start      ] GC(6) Pause Young (Normal) (G1 Evacuation Pause)
[2024-09-29T15:09:28.137+0530][gc,task       ] GC(6) Using 10 workers of 10 for evacuation
[2024-09-29T15:09:28.145+0530][gc,phases     ] GC(6)   Pre Evacuate Collection Set: 0.1ms
[2024-09-29T15:09:28.145+0530][gc,phases     ] GC(6)   Evacuate Collection Set: 7.5ms
[2024-09-29T15:09:28.145+0530][gc,phases     ] GC(6)   Post Evacuate Collection Set: 0.9ms
[2024-09-29T15:09:28.146+0530][gc,phases     ] GC(6)   Other: 0.3ms
[2024-09-29T15:09:28.146+0530][gc,heap       ] GC(6) Eden regions: 44->0(46)
[2024-09-29T15:09:28.146+0530][gc,heap       ] GC(6) Survivor regions: 7->5(7)
[2024-09-29T15:09:28.146+0530][gc,heap       ] GC(6) Old regions: 10->14
[2024-09-29T15:09:28.146+0530][gc,heap       ] GC(6) Humongous regions: 129->129
[2024-09-29T15:09:28.146+0530][gc,metaspace  ] GC(6) Metaspace: 41324K(43724K)->41324K(43724K) NonClass: 36073K(37324K)->36073K(37324K) Class: 5250K(6400K)->5250K(6400K)
[2024-09-29T15:09:28.146+0530][gc            ] GC(6) Pause Young (Normal) (G1 Evacuation Pause) 187M->145M(1024M) 8.900ms
[2024-09-29T15:09:28.146+0530][gc,cpu        ] GC(6) User=0.05s Sys=0.00s Real=0.01s
[2024-09-29T15:50:39.906+0530][gc,start      ] GC(7) Pause Young (Normal) (G1 Evacuation Pause)
[2024-09-29T15:50:39.906+0530][gc,task       ] GC(7) Using 10 workers of 10 for evacuation
[2024-09-29T15:50:39.917+0530][gc,phases     ] GC(7)   Pre Evacuate Collection Set: 0.0ms
[2024-09-29T15:50:39.917+0530][gc,phases     ] GC(7)   Evacuate Collection Set: 9.4ms
[2024-09-29T15:50:39.917+0530][gc,phases     ] GC(7)   Post Evacuate Collection Set: 1.5ms
[2024-09-29T15:50:39.917+0530][gc,phases     ] GC(7)   Other: 0.5ms
[2024-09-29T15:50:39.917+0530][gc,heap       ] GC(7) Eden regions: 46->0(47)
[2024-09-29T15:50:39.917+0530][gc,heap       ] GC(7) Survivor regions: 5->4(7)
[2024-09-29T15:50:39.917+0530][gc,heap       ] GC(7) Old regions: 14->16
[2024-09-29T15:50:39.917+0530][gc,heap       ] GC(7) Humongous regions: 129->129
[2024-09-29T15:50:39.917+0530][gc,metaspace  ] GC(7) Metaspace: 42357K(44748K)->42357K(44748K) NonClass: 37095K(38348K)->37095K(38348K) Class: 5262K(6400K)->5262K(6400K)
[2024-09-29T15:50:39.917+0530][gc            ] GC(7) Pause Young (Normal) (G1 Evacuation Pause) 191M->146M(1024M) 11.690ms
[2024-09-29T15:50:39.917+0530][gc,cpu        ] GC(7) User=0.08s Sys=0.01s Real=0.01s
