[2024-09-20T15:15:29.629+0530][gc,heap] Heap region size: 1M
[2024-09-20T15:15:29.648+0530][gc     ] Using G1
[2024-09-20T15:15:29.648+0530][gc,heap,coops] Heap address: 0x00000000c0000000, size: 1024 MB, Compressed Oops mode: 32-bit
[2024-09-20T15:15:29.648+0530][gc,cds       ] Mark closed archive regions in map: [0x00000000fff00000, 0x00000000fff6bff8]
[2024-09-20T15:15:29.648+0530][gc,cds       ] Mark open archive regions in map: [0x00000000ffe00000, 0x00000000ffe47ff8]
[2024-09-20T15:15:30.345+0530][gc,start     ] GC(0) Pause Young (Normal) (G1 Evacuation Pause)
[2024-09-20T15:15:30.346+0530][gc,task      ] GC(0) Using 10 workers of 10 for evacuation
[2024-09-20T15:15:30.355+0530][gc,phases    ] GC(0)   Pre Evacuate Collection Set: 0.0ms
[2024-09-20T15:15:30.355+0530][gc,phases    ] GC(0)   Evacuate Collection Set: 8.3ms
[2024-09-20T15:15:30.355+0530][gc,phases    ] GC(0)   Post Evacuate Collection Set: 0.5ms
[2024-09-20T15:15:30.355+0530][gc,phases    ] GC(0)   Other: 1.2ms
[2024-09-20T15:15:30.355+0530][gc,heap      ] GC(0) Eden regions: 51->0(44)
[2024-09-20T15:15:30.355+0530][gc,heap      ] GC(0) Survivor regions: 0->7(7)
[2024-09-20T15:15:30.355+0530][gc,heap      ] GC(0) Old regions: 2->3
[2024-09-20T15:15:30.355+0530][gc,heap      ] GC(0) Humongous regions: 0->0
[2024-09-20T15:15:30.355+0530][gc,metaspace ] GC(0) Metaspace: 14008K(14720K)->14008K(14720K) NonClass: 12286K(12800K)->12286K(12800K) Class: 1722K(1920K)->1722K(1920K)
[2024-09-20T15:15:30.355+0530][gc           ] GC(0) Pause Young (Normal) (G1 Evacuation Pause) 51M->7M(1024M) 10.024ms
[2024-09-20T15:15:30.355+0530][gc,cpu       ] GC(0) User=0.07s Sys=0.01s Real=0.01s
[2024-09-20T15:15:30.732+0530][gc,start     ] GC(1) Pause Young (Concurrent Start) (Metadata GC Threshold)
[2024-09-20T15:15:30.732+0530][gc,task      ] GC(1) Using 10 workers of 10 for evacuation
[2024-09-20T15:15:30.745+0530][gc,phases    ] GC(1)   Pre Evacuate Collection Set: 0.0ms
[2024-09-20T15:15:30.746+0530][gc,phases    ] GC(1)   Evacuate Collection Set: 12.1ms
[2024-09-20T15:15:30.746+0530][gc,phases    ] GC(1)   Post Evacuate Collection Set: 0.7ms
[2024-09-20T15:15:30.746+0530][gc,phases    ] GC(1)   Other: 0.2ms
[2024-09-20T15:15:30.746+0530][gc,heap      ] GC(1) Eden regions: 33->0(49)
[2024-09-20T15:15:30.746+0530][gc,heap      ] GC(1) Survivor regions: 7->2(7)
[2024-09-20T15:15:30.746+0530][gc,heap      ] GC(1) Old regions: 3->9
[2024-09-20T15:15:30.746+0530][gc,heap      ] GC(1) Humongous regions: 0->0
[2024-09-20T15:15:30.746+0530][gc,metaspace ] GC(1) Metaspace: 20641K(21296K)->20641K(21296K) NonClass: 18141K(18480K)->18141K(18480K) Class: 2499K(2816K)->2499K(2816K)
[2024-09-20T15:15:30.746+0530][gc           ] GC(1) Pause Young (Concurrent Start) (Metadata GC Threshold) 40M->8M(1024M) 13.301ms
[2024-09-20T15:15:30.746+0530][gc,cpu       ] GC(1) User=0.09s Sys=0.00s Real=0.01s
[2024-09-20T15:15:30.746+0530][gc           ] GC(2) Concurrent Cycle
[2024-09-20T15:15:30.746+0530][gc,marking   ] GC(2) Concurrent Clear Claimed Marks
[2024-09-20T15:15:30.746+0530][gc,marking   ] GC(2) Concurrent Clear Claimed Marks 0.078ms
[2024-09-20T15:15:30.746+0530][gc,marking   ] GC(2) Concurrent Scan Root Regions
[2024-09-20T15:15:30.748+0530][gc,marking   ] GC(2) Concurrent Scan Root Regions 1.982ms
[2024-09-20T15:15:30.748+0530][gc,marking   ] GC(2) Concurrent Mark (1.123s)
[2024-09-20T15:15:30.748+0530][gc,marking   ] GC(2) Concurrent Mark From Roots
[2024-09-20T15:15:30.748+0530][gc,task      ] GC(2) Using 3 workers of 3 for marking
[2024-09-20T15:15:30.755+0530][gc,marking   ] GC(2) Concurrent Mark From Roots 6.617ms
[2024-09-20T15:15:30.755+0530][gc,marking   ] GC(2) Concurrent Preclean
[2024-09-20T15:15:30.755+0530][gc,marking   ] GC(2) Concurrent Preclean 0.293ms
[2024-09-20T15:15:30.755+0530][gc,marking   ] GC(2) Concurrent Mark (1.123s, 1.130s) 6.993ms
[2024-09-20T15:15:30.755+0530][gc,start     ] GC(2) Pause Remark
[2024-09-20T15:15:30.757+0530][gc,stringtable] GC(2) Cleaned string and symbol table, strings: 5735 processed, 0 removed, symbols: 53498 processed, 44 removed
[2024-09-20T15:15:30.757+0530][gc            ] GC(2) Pause Remark 9M->9M(1024M) 2.064ms
[2024-09-20T15:15:30.757+0530][gc,cpu        ] GC(2) User=0.02s Sys=0.00s Real=0.00s
[2024-09-20T15:15:30.757+0530][gc,marking    ] GC(2) Concurrent Rebuild Remembered Sets
[2024-09-20T15:15:30.760+0530][gc,marking    ] GC(2) Concurrent Rebuild Remembered Sets 2.512ms
[2024-09-20T15:15:30.760+0530][gc,start      ] GC(2) Pause Cleanup
[2024-09-20T15:15:30.760+0530][gc            ] GC(2) Pause Cleanup 9M->9M(1024M) 0.277ms
[2024-09-20T15:15:30.760+0530][gc,cpu        ] GC(2) User=0.00s Sys=0.00s Real=0.00s
[2024-09-20T15:15:30.760+0530][gc,marking    ] GC(2) Concurrent Cleanup for Next Mark
[2024-09-20T15:15:30.764+0530][gc,marking    ] GC(2) Concurrent Cleanup for Next Mark 3.765ms
[2024-09-20T15:15:30.764+0530][gc            ] GC(2) Concurrent Cycle 18.555ms
[2024-09-20T15:15:31.626+0530][gc,start      ] GC(3) Pause Young (Normal) (G1 Evacuation Pause)
[2024-09-20T15:15:31.626+0530][gc,task       ] GC(3) Using 10 workers of 10 for evacuation
[2024-09-20T15:15:31.629+0530][gc,phases     ] GC(3)   Pre Evacuate Collection Set: 0.0ms
[2024-09-20T15:15:31.629+0530][gc,phases     ] GC(3)   Evacuate Collection Set: 2.6ms
[2024-09-20T15:15:31.629+0530][gc,phases     ] GC(3)   Post Evacuate Collection Set: 0.8ms
[2024-09-20T15:15:31.629+0530][gc,phases     ] GC(3)   Other: 0.1ms
[2024-09-20T15:15:31.629+0530][gc,heap       ] GC(3) Eden regions: 49->0(47)
[2024-09-20T15:15:31.629+0530][gc,heap       ] GC(3) Survivor regions: 2->4(7)
[2024-09-20T15:15:31.629+0530][gc,heap       ] GC(3) Old regions: 9->9
[2024-09-20T15:15:31.629+0530][gc,heap       ] GC(3) Humongous regions: 129->129
[2024-09-20T15:15:31.629+0530][gc,metaspace  ] GC(3) Metaspace: 28496K(29696K)->28496K(29696K) NonClass: 25195K(25856K)->25195K(25856K) Class: 3300K(3840K)->3300K(3840K)
[2024-09-20T15:15:31.629+0530][gc            ] GC(3) Pause Young (Normal) (G1 Evacuation Pause) 186M->139M(1024M) 3.618ms
[2024-09-20T15:15:31.629+0530][gc,cpu        ] GC(3) User=0.02s Sys=0.00s Real=0.00s
[2024-09-20T15:15:32.179+0530][gc,heap,exit  ] Heap
[2024-09-20T15:15:32.179+0530][gc,heap,exit  ]  garbage-first heap   total 1048576K, used 177915K [0x00000000c0000000, 0x0000000100000000)
[2024-09-20T15:15:32.179+0530][gc,heap,exit  ]   region size 1024K, 40 young (40960K), 4 survivors (4096K)
[2024-09-20T15:15:32.179+0530][gc,heap,exit  ]  Metaspace       used 32860K, capacity 34193K, committed 34432K, reserved 1079296K
[2024-09-20T15:15:32.179+0530][gc,heap,exit  ]   class space    used 3980K, capacity 4615K, committed 4736K, reserved 1048576K
