[2024-09-27T18:23:16.769+0530][gc,heap] Heap region size: 1M
[2024-09-27T18:23:16.783+0530][gc     ] Using G1
[2024-09-27T18:23:16.783+0530][gc,heap,coops] Heap address: 0x00000000c0000000, size: 1024 MB, Compressed Oops mode: 32-bit
[2024-09-27T18:23:16.784+0530][gc,cds       ] Mark closed archive regions in map: [0x00000000fff00000, 0x00000000fff6bff8]
[2024-09-27T18:23:16.784+0530][gc,cds       ] Mark open archive regions in map: [0x00000000ffe00000, 0x00000000ffe47ff8]
[2024-09-27T18:23:17.478+0530][gc,start     ] GC(0) Pause Young (Normal) (G1 Evacuation Pause)
[2024-09-27T18:23:17.479+0530][gc,task      ] GC(0) Using 10 workers of 10 for evacuation
[2024-09-27T18:23:17.488+0530][gc,phases    ] GC(0)   Pre Evacuate Collection Set: 0.0ms
[2024-09-27T18:23:17.488+0530][gc,phases    ] GC(0)   Evacuate Collection Set: 8.2ms
[2024-09-27T18:23:17.488+0530][gc,phases    ] GC(0)   Post Evacuate Collection Set: 0.4ms
[2024-09-27T18:23:17.488+0530][gc,phases    ] GC(0)   Other: 1.3ms
[2024-09-27T18:23:17.488+0530][gc,heap      ] GC(0) Eden regions: 51->0(44)
[2024-09-27T18:23:17.488+0530][gc,heap      ] GC(0) Survivor regions: 0->7(7)
[2024-09-27T18:23:17.488+0530][gc,heap      ] GC(0) Old regions: 2->3
[2024-09-27T18:23:17.488+0530][gc,heap      ] GC(0) Humongous regions: 0->0
[2024-09-27T18:23:17.488+0530][gc,metaspace ] GC(0) Metaspace: 13896K(14464K)->13896K(14464K) NonClass: 12182K(12544K)->12182K(12544K) Class: 1713K(1920K)->1713K(1920K)
[2024-09-27T18:23:17.488+0530][gc           ] GC(0) Pause Young (Normal) (G1 Evacuation Pause) 51M->7M(1024M) 10.017ms
[2024-09-27T18:23:17.488+0530][gc,cpu       ] GC(0) User=0.07s Sys=0.01s Real=0.01s
[2024-09-27T18:23:17.983+0530][gc,start     ] GC(1) Pause Young (Concurrent Start) (Metadata GC Threshold)
[2024-09-27T18:23:17.983+0530][gc,task      ] GC(1) Using 10 workers of 10 for evacuation
[2024-09-27T18:23:17.994+0530][gc,phases    ] GC(1)   Pre Evacuate Collection Set: 0.0ms
[2024-09-27T18:23:17.994+0530][gc,phases    ] GC(1)   Evacuate Collection Set: 10.5ms
[2024-09-27T18:23:17.994+0530][gc,phases    ] GC(1)   Post Evacuate Collection Set: 0.4ms
[2024-09-27T18:23:17.994+0530][gc,phases    ] GC(1)   Other: 0.2ms
[2024-09-27T18:23:17.994+0530][gc,heap      ] GC(1) Eden regions: 32->0(49)
[2024-09-27T18:23:17.994+0530][gc,heap      ] GC(1) Survivor regions: 7->2(7)
[2024-09-27T18:23:17.994+0530][gc,heap      ] GC(1) Old regions: 3->9
[2024-09-27T18:23:17.994+0530][gc,heap      ] GC(1) Humongous regions: 0->0
[2024-09-27T18:23:17.994+0530][gc,metaspace ] GC(1) Metaspace: 20521K(21248K)->20521K(21248K) NonClass: 18028K(18432K)->18028K(18432K) Class: 2492K(2816K)->2492K(2816K)
[2024-09-27T18:23:17.994+0530][gc           ] GC(1) Pause Young (Concurrent Start) (Metadata GC Threshold) 39M->8M(1024M) 11.286ms
[2024-09-27T18:23:17.994+0530][gc,cpu       ] GC(1) User=0.06s Sys=0.00s Real=0.02s
[2024-09-27T18:23:17.994+0530][gc           ] GC(2) Concurrent Cycle
[2024-09-27T18:23:17.994+0530][gc,marking   ] GC(2) Concurrent Clear Claimed Marks
[2024-09-27T18:23:17.994+0530][gc,marking   ] GC(2) Concurrent Clear Claimed Marks 0.030ms
[2024-09-27T18:23:17.994+0530][gc,marking   ] GC(2) Concurrent Scan Root Regions
[2024-09-27T18:23:17.996+0530][gc,marking   ] GC(2) Concurrent Scan Root Regions 1.215ms
[2024-09-27T18:23:17.996+0530][gc,marking   ] GC(2) Concurrent Mark (1.229s)
[2024-09-27T18:23:17.996+0530][gc,marking   ] GC(2) Concurrent Mark From Roots
[2024-09-27T18:23:17.996+0530][gc,task      ] GC(2) Using 3 workers of 3 for marking
[2024-09-27T18:23:18.000+0530][gc,marking   ] GC(2) Concurrent Mark From Roots 4.204ms
[2024-09-27T18:23:18.000+0530][gc,marking   ] GC(2) Concurrent Preclean
[2024-09-27T18:23:18.000+0530][gc,marking   ] GC(2) Concurrent Preclean 0.411ms
[2024-09-27T18:23:18.000+0530][gc,marking   ] GC(2) Concurrent Mark (1.229s, 1.234s) 4.699ms
[2024-09-27T18:23:18.001+0530][gc,start     ] GC(2) Pause Remark
[2024-09-27T18:23:18.002+0530][gc,stringtable] GC(2) Cleaned string and symbol table, strings: 5761 processed, 0 removed, symbols: 53519 processed, 44 removed
[2024-09-27T18:23:18.002+0530][gc            ] GC(2) Pause Remark 9M->9M(1024M) 1.853ms
[2024-09-27T18:23:18.002+0530][gc,cpu        ] GC(2) User=0.01s Sys=0.00s Real=0.00s
[2024-09-27T18:23:18.002+0530][gc,marking    ] GC(2) Concurrent Rebuild Remembered Sets
[2024-09-27T18:23:18.006+0530][gc,marking    ] GC(2) Concurrent Rebuild Remembered Sets 3.369ms
[2024-09-27T18:23:18.006+0530][gc,start      ] GC(2) Pause Cleanup
[2024-09-27T18:23:18.006+0530][gc            ] GC(2) Pause Cleanup 10M->10M(1024M) 0.219ms
[2024-09-27T18:23:18.006+0530][gc,cpu        ] GC(2) User=0.00s Sys=0.00s Real=0.00s
[2024-09-27T18:23:18.006+0530][gc,marking    ] GC(2) Concurrent Cleanup for Next Mark
[2024-09-27T18:23:18.010+0530][gc,marking    ] GC(2) Concurrent Cleanup for Next Mark 3.459ms
[2024-09-27T18:23:18.010+0530][gc            ] GC(2) Concurrent Cycle 15.408ms
[2024-09-27T18:23:18.503+0530][gc,start      ] GC(3) Pause Young (Normal) (G1 Evacuation Pause)
[2024-09-27T18:23:18.503+0530][gc,task       ] GC(3) Using 10 workers of 10 for evacuation
[2024-09-27T18:23:18.506+0530][gc,phases     ] GC(3)   Pre Evacuate Collection Set: 0.0ms
[2024-09-27T18:23:18.506+0530][gc,phases     ] GC(3)   Evacuate Collection Set: 2.8ms
[2024-09-27T18:23:18.506+0530][gc,phases     ] GC(3)   Post Evacuate Collection Set: 0.6ms
[2024-09-27T18:23:18.506+0530][gc,phases     ] GC(3)   Other: 0.2ms
[2024-09-27T18:23:18.506+0530][gc,heap       ] GC(3) Eden regions: 49->0(46)
[2024-09-27T18:23:18.506+0530][gc,heap       ] GC(3) Survivor regions: 2->5(7)
[2024-09-27T18:23:18.506+0530][gc,heap       ] GC(3) Old regions: 9->9
[2024-09-27T18:23:18.506+0530][gc,heap       ] GC(3) Humongous regions: 129->129
[2024-09-27T18:23:18.506+0530][gc,metaspace  ] GC(3) Metaspace: 28233K(29440K)->28233K(29440K) NonClass: 24940K(25600K)->24940K(25600K) Class: 3292K(3840K)->3292K(3840K)
[2024-09-27T18:23:18.506+0530][gc            ] GC(3) Pause Young (Normal) (G1 Evacuation Pause) 186M->141M(1024M) 3.771ms
[2024-09-27T18:23:18.506+0530][gc,cpu        ] GC(3) User=0.03s Sys=0.00s Real=0.01s
[2024-09-27T18:23:18.826+0530][gc,start      ] GC(4) Pause Young (Concurrent Start) (GCLocker Initiated GC)
[2024-09-27T18:23:18.826+0530][gc,task       ] GC(4) Using 10 workers of 10 for evacuation
[2024-09-27T18:23:18.835+0530][gc,phases     ] GC(4)   Pre Evacuate Collection Set: 0.2ms
[2024-09-27T18:23:18.835+0530][gc,phases     ] GC(4)   Evacuate Collection Set: 8.0ms
[2024-09-27T18:23:18.835+0530][gc,phases     ] GC(4)   Post Evacuate Collection Set: 0.4ms
[2024-09-27T18:23:18.835+0530][gc,phases     ] GC(4)   Other: 0.4ms
[2024-09-27T18:23:18.835+0530][gc,heap       ] GC(4) Eden regions: 34->0(44)
[2024-09-27T18:23:18.835+0530][gc,heap       ] GC(4) Survivor regions: 5->7(7)
[2024-09-27T18:23:18.835+0530][gc,heap       ] GC(4) Old regions: 9->10
[2024-09-27T18:23:18.835+0530][gc,heap       ] GC(4) Humongous regions: 129->129
[2024-09-27T18:23:18.835+0530][gc,metaspace  ] GC(4) Metaspace: 34418K(35968K)->34418K(35968K) NonClass: 30421K(31232K)->30421K(31232K) Class: 3996K(4736K)->3996K(4736K)
[2024-09-27T18:23:18.835+0530][gc            ] GC(4) Pause Young (Concurrent Start) (GCLocker Initiated GC) 174M->143M(1024M) 9.043ms
[2024-09-27T18:23:18.835+0530][gc,cpu        ] GC(4) User=0.05s Sys=0.00s Real=0.01s
[2024-09-27T18:23:18.835+0530][gc            ] GC(5) Concurrent Cycle
[2024-09-27T18:23:18.835+0530][gc,marking    ] GC(5) Concurrent Clear Claimed Marks
[2024-09-27T18:23:18.835+0530][gc,marking    ] GC(5) Concurrent Clear Claimed Marks 0.119ms
[2024-09-27T18:23:18.835+0530][gc,marking    ] GC(5) Concurrent Scan Root Regions
[2024-09-27T18:23:18.838+0530][gc,marking    ] GC(5) Concurrent Scan Root Regions 3.017ms
[2024-09-27T18:23:18.838+0530][gc,marking    ] GC(5) Concurrent Mark (2.071s)
[2024-09-27T18:23:18.838+0530][gc,marking    ] GC(5) Concurrent Mark From Roots
[2024-09-27T18:23:18.838+0530][gc,task       ] GC(5) Using 3 workers of 3 for marking
[2024-09-27T18:23:18.848+0530][gc,marking    ] GC(5) Concurrent Mark From Roots 9.879ms
[2024-09-27T18:23:18.848+0530][gc,marking    ] GC(5) Concurrent Preclean
[2024-09-27T18:23:18.848+0530][gc,marking    ] GC(5) Concurrent Preclean 0.308ms
[2024-09-27T18:23:18.848+0530][gc,marking    ] GC(5) Concurrent Mark (2.071s, 2.082s) 10.304ms
[2024-09-27T18:23:18.849+0530][gc,start      ] GC(5) Pause Remark
[2024-09-27T18:23:18.851+0530][gc,stringtable] GC(5) Cleaned string and symbol table, strings: 11566 processed, 10 removed, symbols: 87107 processed, 16 removed
[2024-09-27T18:23:18.852+0530][gc            ] GC(5) Pause Remark 145M->145M(1024M) 3.004ms
[2024-09-27T18:23:18.852+0530][gc,cpu        ] GC(5) User=0.03s Sys=0.00s Real=0.00s
[2024-09-27T18:23:18.852+0530][gc,marking    ] GC(5) Concurrent Rebuild Remembered Sets
[2024-09-27T18:23:18.855+0530][gc,marking    ] GC(5) Concurrent Rebuild Remembered Sets 3.157ms
[2024-09-27T18:23:18.855+0530][gc,start      ] GC(5) Pause Cleanup
[2024-09-27T18:23:18.856+0530][gc            ] GC(5) Pause Cleanup 145M->145M(1024M) 0.494ms
[2024-09-27T18:23:18.856+0530][gc,cpu        ] GC(5) User=0.00s Sys=0.00s Real=0.00s
[2024-09-27T18:23:18.856+0530][gc,marking    ] GC(5) Concurrent Cleanup for Next Mark
[2024-09-27T18:23:18.862+0530][gc,marking    ] GC(5) Concurrent Cleanup for Next Mark 6.431ms
[2024-09-27T18:23:18.862+0530][gc            ] GC(5) Concurrent Cycle 27.370ms
[2024-09-27T18:29:09.745+0530][gc,start      ] GC(6) Pause Young (Normal) (G1 Evacuation Pause)
[2024-09-27T18:29:09.745+0530][gc,task       ] GC(6) Using 10 workers of 10 for evacuation
[2024-09-27T18:29:09.752+0530][gc,phases     ] GC(6)   Pre Evacuate Collection Set: 0.0ms
[2024-09-27T18:29:09.752+0530][gc,phases     ] GC(6)   Evacuate Collection Set: 5.5ms
[2024-09-27T18:29:09.752+0530][gc,phases     ] GC(6)   Post Evacuate Collection Set: 1.3ms
[2024-09-27T18:29:09.752+0530][gc,phases     ] GC(6)   Other: 0.2ms
[2024-09-27T18:29:09.752+0530][gc,heap       ] GC(6) Eden regions: 44->0(46)
[2024-09-27T18:29:09.752+0530][gc,heap       ] GC(6) Survivor regions: 7->5(7)
[2024-09-27T18:29:09.752+0530][gc,heap       ] GC(6) Old regions: 10->14
[2024-09-27T18:29:09.752+0530][gc,heap       ] GC(6) Humongous regions: 129->129
[2024-09-27T18:29:09.752+0530][gc,metaspace  ] GC(6) Metaspace: 41161K(43468K)->41161K(43468K) NonClass: 35901K(37068K)->35901K(37068K) Class: 5259K(6400K)->5259K(6400K)
[2024-09-27T18:29:09.752+0530][gc            ] GC(6) Pause Young (Normal) (G1 Evacuation Pause) 187M->145M(1024M) 7.084ms
[2024-09-27T18:29:09.752+0530][gc,cpu        ] GC(6) User=0.05s Sys=0.01s Real=0.01s
[2024-09-27T19:12:30.905+0530][gc,start      ] GC(7) Pause Young (Normal) (G1 Evacuation Pause)
[2024-09-27T19:12:30.906+0530][gc,task       ] GC(7) Using 10 workers of 10 for evacuation
[2024-09-27T19:12:30.913+0530][gc,phases     ] GC(7)   Pre Evacuate Collection Set: 0.0ms
[2024-09-27T19:12:30.913+0530][gc,phases     ] GC(7)   Evacuate Collection Set: 6.3ms
[2024-09-27T19:12:30.913+0530][gc,phases     ] GC(7)   Post Evacuate Collection Set: 0.5ms
[2024-09-27T19:12:30.913+0530][gc,phases     ] GC(7)   Other: 0.3ms
[2024-09-27T19:12:30.913+0530][gc,heap       ] GC(7) Eden regions: 46->0(48)
[2024-09-27T19:12:30.913+0530][gc,heap       ] GC(7) Survivor regions: 5->3(7)
[2024-09-27T19:12:30.913+0530][gc,heap       ] GC(7) Old regions: 14->16
[2024-09-27T19:12:30.913+0530][gc,heap       ] GC(7) Humongous regions: 129->129
[2024-09-27T19:12:30.913+0530][gc,metaspace  ] GC(7) Metaspace: 42291K(44748K)->42291K(44748K) NonClass: 37028K(38348K)->37028K(38348K) Class: 5263K(6400K)->5263K(6400K)
[2024-09-27T19:12:30.913+0530][gc            ] GC(7) Pause Young (Normal) (G1 Evacuation Pause) 191M->146M(1024M) 7.244ms
[2024-09-27T19:12:30.913+0530][gc,cpu        ] GC(7) User=0.05s Sys=0.02s Real=0.01s
[2024-09-27T19:33:33.794+0530][gc,heap,exit  ] Heap
[2024-09-27T19:33:33.794+0530][gc,heap,exit  ]  garbage-first heap   total 1048576K, used 173384K [0x00000000c0000000, 0x0000000100000000)
[2024-09-27T19:33:33.794+0530][gc,heap,exit  ]   region size 1024K, 28 young (28672K), 3 survivors (3072K)
[2024-09-27T19:33:33.794+0530][gc,heap,exit  ]  Metaspace       used 43223K, capacity 45781K, committed 45900K, reserved 1089536K
[2024-09-27T19:33:33.794+0530][gc,heap,exit  ]   class space    used 5488K, capacity 6719K, committed 6784K, reserved 1048576K
