[2024-09-20T14:38:37.041+0530][gc,heap] Heap region size: 1M
[2024-09-20T14:38:37.054+0530][gc     ] Using G1
[2024-09-20T14:38:37.054+0530][gc,heap,coops] Heap address: 0x00000000c0000000, size: 1024 MB, Compressed Oops mode: 32-bit
[2024-09-20T14:38:37.055+0530][gc,cds       ] Mark closed archive regions in map: [0x00000000fff00000, 0x00000000fff6bff8]
[2024-09-20T14:38:37.055+0530][gc,cds       ] Mark open archive regions in map: [0x00000000ffe00000, 0x00000000ffe47ff8]
[2024-09-20T14:38:37.685+0530][gc,start     ] GC(0) Pause Young (Normal) (G1 Evacuation Pause)
[2024-09-20T14:38:37.687+0530][gc,task      ] GC(0) Using 10 workers of 10 for evacuation
[2024-09-20T14:38:37.697+0530][gc,phases    ] GC(0)   Pre Evacuate Collection Set: 0.0ms
[2024-09-20T14:38:37.697+0530][gc,phases    ] GC(0)   Evacuate Collection Set: 9.3ms
[2024-09-20T14:38:37.697+0530][gc,phases    ] GC(0)   Post Evacuate Collection Set: 0.4ms
[2024-09-20T14:38:37.697+0530][gc,phases    ] GC(0)   Other: 1.4ms
[2024-09-20T14:38:37.697+0530][gc,heap      ] GC(0) Eden regions: 51->0(44)
[2024-09-20T14:38:37.697+0530][gc,heap      ] GC(0) Survivor regions: 0->7(7)
[2024-09-20T14:38:37.697+0530][gc,heap      ] GC(0) Old regions: 2->2
[2024-09-20T14:38:37.697+0530][gc,heap      ] GC(0) Humongous regions: 0->0
[2024-09-20T14:38:37.697+0530][gc,metaspace ] GC(0) Metaspace: 13996K(14720K)->13996K(14720K) NonClass: 12276K(12800K)->12276K(12800K) Class: 1719K(1920K)->1719K(1920K)
[2024-09-20T14:38:37.697+0530][gc           ] GC(0) Pause Young (Normal) (G1 Evacuation Pause) 51M->7M(1024M) 11.201ms
[2024-09-20T14:38:37.697+0530][gc,cpu       ] GC(0) User=0.09s Sys=0.00s Real=0.01s
[2024-09-20T14:38:38.067+0530][gc,start     ] GC(1) Pause Young (Concurrent Start) (Metadata GC Threshold)
[2024-09-20T14:38:38.067+0530][gc,task      ] GC(1) Using 10 workers of 10 for evacuation
[2024-09-20T14:38:38.079+0530][gc,phases    ] GC(1)   Pre Evacuate Collection Set: 0.1ms
[2024-09-20T14:38:38.079+0530][gc,phases    ] GC(1)   Evacuate Collection Set: 11.1ms
[2024-09-20T14:38:38.079+0530][gc,phases    ] GC(1)   Post Evacuate Collection Set: 0.8ms
[2024-09-20T14:38:38.079+0530][gc,phases    ] GC(1)   Other: 0.3ms
[2024-09-20T14:38:38.079+0530][gc,heap      ] GC(1) Eden regions: 32->0(49)
[2024-09-20T14:38:38.079+0530][gc,heap      ] GC(1) Survivor regions: 7->2(7)
[2024-09-20T14:38:38.079+0530][gc,heap      ] GC(1) Old regions: 2->10
[2024-09-20T14:38:38.079+0530][gc,heap      ] GC(1) Humongous regions: 0->0
[2024-09-20T14:38:38.079+0530][gc,metaspace ] GC(1) Metaspace: 20552K(21248K)->20552K(21248K) NonClass: 18059K(18432K)->18059K(18432K) Class: 2492K(2816K)->2492K(2816K)
[2024-09-20T14:38:38.079+0530][gc           ] GC(1) Pause Young (Concurrent Start) (Metadata GC Threshold) 39M->9M(1024M) 12.453ms
[2024-09-20T14:38:38.079+0530][gc,cpu       ] GC(1) User=0.06s Sys=0.02s Real=0.01s
[2024-09-20T14:38:38.079+0530][gc           ] GC(2) Concurrent Cycle
[2024-09-20T14:38:38.080+0530][gc,marking   ] GC(2) Concurrent Clear Claimed Marks
[2024-09-20T14:38:38.080+0530][gc,marking   ] GC(2) Concurrent Clear Claimed Marks 0.070ms
[2024-09-20T14:38:38.080+0530][gc,marking   ] GC(2) Concurrent Scan Root Regions
[2024-09-20T14:38:38.081+0530][gc,marking   ] GC(2) Concurrent Scan Root Regions 1.535ms
[2024-09-20T14:38:38.081+0530][gc,marking   ] GC(2) Concurrent Mark (1.042s)
[2024-09-20T14:38:38.081+0530][gc,marking   ] GC(2) Concurrent Mark From Roots
[2024-09-20T14:38:38.081+0530][gc,task      ] GC(2) Using 3 workers of 3 for marking
[2024-09-20T14:38:38.089+0530][gc,marking   ] GC(2) Concurrent Mark From Roots 7.377ms
[2024-09-20T14:38:38.089+0530][gc,marking   ] GC(2) Concurrent Preclean
[2024-09-20T14:38:38.089+0530][gc,marking   ] GC(2) Concurrent Preclean 0.331ms
[2024-09-20T14:38:38.089+0530][gc,marking   ] GC(2) Concurrent Mark (1.042s, 1.050s) 7.829ms
[2024-09-20T14:38:38.089+0530][gc,start     ] GC(2) Pause Remark
[2024-09-20T14:38:38.091+0530][gc,stringtable] GC(2) Cleaned string and symbol table, strings: 5746 processed, 0 removed, symbols: 53557 processed, 45 removed
[2024-09-20T14:38:38.092+0530][gc            ] GC(2) Pause Remark 10M->10M(1024M) 2.557ms
[2024-09-20T14:38:38.092+0530][gc,cpu        ] GC(2) User=0.01s Sys=0.00s Real=0.00s
[2024-09-20T14:38:38.092+0530][gc,marking    ] GC(2) Concurrent Rebuild Remembered Sets
[2024-09-20T14:38:38.095+0530][gc,marking    ] GC(2) Concurrent Rebuild Remembered Sets 3.039ms
[2024-09-20T14:38:38.095+0530][gc,start      ] GC(2) Pause Cleanup
[2024-09-20T14:38:38.095+0530][gc            ] GC(2) Pause Cleanup 10M->10M(1024M) 0.447ms
[2024-09-20T14:38:38.095+0530][gc,cpu        ] GC(2) User=0.00s Sys=0.00s Real=0.00s
[2024-09-20T14:38:38.096+0530][gc,marking    ] GC(2) Concurrent Cleanup for Next Mark
[2024-09-20T14:38:38.099+0530][gc,marking    ] GC(2) Concurrent Cleanup for Next Mark 3.699ms
[2024-09-20T14:38:38.099+0530][gc            ] GC(2) Concurrent Cycle 19.845ms
[2024-09-20T14:38:38.538+0530][gc,start      ] GC(3) Pause Young (Normal) (G1 Evacuation Pause)
[2024-09-20T14:38:38.538+0530][gc,task       ] GC(3) Using 10 workers of 10 for evacuation
[2024-09-20T14:38:38.542+0530][gc,phases     ] GC(3)   Pre Evacuate Collection Set: 0.0ms
[2024-09-20T14:38:38.542+0530][gc,phases     ] GC(3)   Evacuate Collection Set: 3.7ms
[2024-09-20T14:38:38.542+0530][gc,phases     ] GC(3)   Post Evacuate Collection Set: 0.5ms
[2024-09-20T14:38:38.542+0530][gc,phases     ] GC(3)   Other: 0.2ms
[2024-09-20T14:38:38.542+0530][gc,heap       ] GC(3) Eden regions: 49->0(46)
[2024-09-20T14:38:38.542+0530][gc,heap       ] GC(3) Survivor regions: 2->5(7)
[2024-09-20T14:38:38.542+0530][gc,heap       ] GC(3) Old regions: 10->10
[2024-09-20T14:38:38.542+0530][gc,heap       ] GC(3) Humongous regions: 129->129
[2024-09-20T14:38:38.542+0530][gc,metaspace  ] GC(3) Metaspace: 28204K(29440K)->28204K(29440K) NonClass: 24911K(25600K)->24911K(25600K) Class: 3292K(3840K)->3292K(3840K)
[2024-09-20T14:38:38.542+0530][gc            ] GC(3) Pause Young (Normal) (G1 Evacuation Pause) 187M->141M(1024M) 4.584ms
[2024-09-20T14:38:38.542+0530][gc,cpu        ] GC(3) User=0.03s Sys=0.00s Real=0.00s
[2024-09-20T14:38:38.827+0530][gc,start      ] GC(4) Pause Young (Concurrent Start) (Metadata GC Threshold)
[2024-09-20T14:38:38.827+0530][gc,task       ] GC(4) Using 10 workers of 10 for evacuation
[2024-09-20T14:38:38.836+0530][gc,phases     ] GC(4)   Pre Evacuate Collection Set: 0.1ms
[2024-09-20T14:38:38.836+0530][gc,phases     ] GC(4)   Evacuate Collection Set: 7.3ms
[2024-09-20T14:38:38.836+0530][gc,phases     ] GC(4)   Post Evacuate Collection Set: 0.5ms
[2024-09-20T14:38:38.836+0530][gc,phases     ] GC(4)   Other: 0.4ms
[2024-09-20T14:38:38.836+0530][gc,heap       ] GC(4) Eden regions: 34->0(45)
[2024-09-20T14:38:38.836+0530][gc,heap       ] GC(4) Survivor regions: 5->6(7)
[2024-09-20T14:38:38.836+0530][gc,heap       ] GC(4) Old regions: 10->10
[2024-09-20T14:38:38.836+0530][gc,heap       ] GC(4) Humongous regions: 129->129
[2024-09-20T14:38:38.836+0530][gc,metaspace  ] GC(4) Metaspace: 34403K(35840K)->34403K(35840K) NonClass: 30408K(31232K)->30408K(31232K) Class: 3994K(4608K)->3994K(4608K)
[2024-09-20T14:38:38.836+0530][gc            ] GC(4) Pause Young (Concurrent Start) (Metadata GC Threshold) 174M->143M(1024M) 8.427ms
[2024-09-20T14:38:38.836+0530][gc,cpu        ] GC(4) User=0.03s Sys=0.00s Real=0.01s
[2024-09-20T14:38:38.836+0530][gc            ] GC(5) Concurrent Cycle
[2024-09-20T14:38:38.836+0530][gc,marking    ] GC(5) Concurrent Clear Claimed Marks
[2024-09-20T14:38:38.836+0530][gc,marking    ] GC(5) Concurrent Clear Claimed Marks 0.139ms
[2024-09-20T14:38:38.836+0530][gc,marking    ] GC(5) Concurrent Scan Root Regions
[2024-09-20T14:38:38.839+0530][gc,marking    ] GC(5) Concurrent Scan Root Regions 2.827ms
[2024-09-20T14:38:38.839+0530][gc,marking    ] GC(5) Concurrent Mark (1.800s)
[2024-09-20T14:38:38.839+0530][gc,marking    ] GC(5) Concurrent Mark From Roots
[2024-09-20T14:38:38.839+0530][gc,task       ] GC(5) Using 3 workers of 3 for marking
[2024-09-20T14:38:38.847+0530][gc,marking    ] GC(5) Concurrent Mark From Roots 7.995ms
[2024-09-20T14:38:38.847+0530][gc,marking    ] GC(5) Concurrent Preclean
[2024-09-20T14:38:38.847+0530][gc,marking    ] GC(5) Concurrent Preclean 0.373ms
[2024-09-20T14:38:38.847+0530][gc,marking    ] GC(5) Concurrent Mark (1.800s, 1.809s) 8.479ms
[2024-09-20T14:38:38.848+0530][gc,start      ] GC(5) Pause Remark
[2024-09-20T14:38:38.850+0530][gc,stringtable] GC(5) Cleaned string and symbol table, strings: 11516 processed, 10 removed, symbols: 87113 processed, 15 removed
[2024-09-20T14:38:38.850+0530][gc            ] GC(5) Pause Remark 145M->145M(1024M) 2.868ms
[2024-09-20T14:38:38.851+0530][gc,cpu        ] GC(5) User=0.02s Sys=0.00s Real=0.00s
[2024-09-20T14:38:38.851+0530][gc,marking    ] GC(5) Concurrent Rebuild Remembered Sets
[2024-09-20T14:38:38.855+0530][gc,marking    ] GC(5) Concurrent Rebuild Remembered Sets 3.842ms
[2024-09-20T14:38:38.855+0530][gc,start      ] GC(5) Pause Cleanup
[2024-09-20T14:38:38.855+0530][gc            ] GC(5) Pause Cleanup 145M->145M(1024M) 0.452ms
[2024-09-20T14:38:38.855+0530][gc,cpu        ] GC(5) User=0.00s Sys=0.00s Real=0.00s
[2024-09-20T14:38:38.856+0530][gc,marking    ] GC(5) Concurrent Cleanup for Next Mark
[2024-09-20T14:38:38.860+0530][gc,marking    ] GC(5) Concurrent Cleanup for Next Mark 4.649ms
[2024-09-20T14:38:38.860+0530][gc            ] GC(5) Concurrent Cycle 24.458ms
[2024-09-20T14:42:49.407+0530][gc,start      ] GC(6) Pause Young (Normal) (G1 Evacuation Pause)
[2024-09-20T14:42:49.407+0530][gc,task       ] GC(6) Using 10 workers of 10 for evacuation
[2024-09-20T14:42:49.414+0530][gc,phases     ] GC(6)   Pre Evacuate Collection Set: 0.0ms
[2024-09-20T14:42:49.414+0530][gc,phases     ] GC(6)   Evacuate Collection Set: 5.2ms
[2024-09-20T14:42:49.414+0530][gc,phases     ] GC(6)   Post Evacuate Collection Set: 1.0ms
[2024-09-20T14:42:49.414+0530][gc,phases     ] GC(6)   Other: 0.1ms
[2024-09-20T14:42:49.414+0530][gc,heap       ] GC(6) Eden regions: 45->0(46)
[2024-09-20T14:42:49.414+0530][gc,heap       ] GC(6) Survivor regions: 6->5(7)
[2024-09-20T14:42:49.414+0530][gc,heap       ] GC(6) Old regions: 10->14
[2024-09-20T14:42:49.414+0530][gc,heap       ] GC(6) Humongous regions: 129->129
[2024-09-20T14:42:49.414+0530][gc,metaspace  ] GC(6) Metaspace: 40329K(42572K)->40329K(42572K) NonClass: 35167K(36300K)->35167K(36300K) Class: 5161K(6272K)->5161K(6272K)
[2024-09-20T14:42:49.414+0530][gc            ] GC(6) Pause Young (Normal) (G1 Evacuation Pause) 188M->146M(1024M) 6.566ms
[2024-09-20T14:42:49.414+0530][gc,cpu        ] GC(6) User=0.05s Sys=0.00s Real=0.01s
[2024-09-20T14:51:47.253+0530][gc,start      ] GC(7) Pause Young (Normal) (G1 Evacuation Pause)
[2024-09-20T14:51:47.253+0530][gc,task       ] GC(7) Using 10 workers of 10 for evacuation
[2024-09-20T14:51:47.258+0530][gc,phases     ] GC(7)   Pre Evacuate Collection Set: 0.0ms
[2024-09-20T14:51:47.258+0530][gc,phases     ] GC(7)   Evacuate Collection Set: 3.8ms
[2024-09-20T14:51:47.258+0530][gc,phases     ] GC(7)   Post Evacuate Collection Set: 0.8ms
[2024-09-20T14:51:47.258+0530][gc,phases     ] GC(7)   Other: 0.2ms
[2024-09-20T14:51:47.258+0530][gc,heap       ] GC(7) Eden regions: 46->0(46)
[2024-09-20T14:51:47.258+0530][gc,heap       ] GC(7) Survivor regions: 5->5(7)
[2024-09-20T14:51:47.258+0530][gc,heap       ] GC(7) Old regions: 14->17
[2024-09-20T14:51:47.258+0530][gc,heap       ] GC(7) Humongous regions: 129->129
[2024-09-20T14:51:47.258+0530][gc,metaspace  ] GC(7) Metaspace: 43911K(46796K)->43911K(46796K) NonClass: 38219K(39628K)->38219K(39628K) Class: 5691K(7168K)->5691K(7168K)
[2024-09-20T14:51:47.258+0530][gc            ] GC(7) Pause Young (Normal) (G1 Evacuation Pause) 192M->148M(1024M) 4.933ms
[2024-09-20T14:51:47.258+0530][gc,cpu        ] GC(7) User=0.04s Sys=0.00s Real=0.00s
[2024-09-20T15:05:10.418+0530][gc,start      ] GC(8) Pause Young (Normal) (G1 Evacuation Pause)
[2024-09-20T15:05:10.418+0530][gc,task       ] GC(8) Using 10 workers of 10 for evacuation
[2024-09-20T15:05:10.429+0530][gc,phases     ] GC(8)   Pre Evacuate Collection Set: 0.1ms
[2024-09-20T15:05:10.429+0530][gc,phases     ] GC(8)   Evacuate Collection Set: 9.1ms
[2024-09-20T15:05:10.429+0530][gc,phases     ] GC(8)   Post Evacuate Collection Set: 1.5ms
[2024-09-20T15:05:10.429+0530][gc,phases     ] GC(8)   Other: 0.4ms
[2024-09-20T15:05:10.429+0530][gc,heap       ] GC(8) Eden regions: 46->0(47)
[2024-09-20T15:05:10.429+0530][gc,heap       ] GC(8) Survivor regions: 5->4(7)
[2024-09-20T15:05:10.429+0530][gc,heap       ] GC(8) Old regions: 17->19
[2024-09-20T15:05:10.429+0530][gc,heap       ] GC(8) Humongous regions: 129->129
[2024-09-20T15:05:10.429+0530][gc,metaspace  ] GC(8) Metaspace: 44250K(47308K)->44250K(47308K) NonClass: 38519K(40140K)->38519K(40140K) Class: 5731K(7168K)->5731K(7168K)
[2024-09-20T15:05:10.429+0530][gc            ] GC(8) Pause Young (Normal) (G1 Evacuation Pause) 194M->149M(1024M) 11.469ms
[2024-09-20T15:05:10.429+0530][gc,cpu        ] GC(8) User=0.09s Sys=0.01s Real=0.01s
[2024-09-20T15:07:40.778+0530][gc,heap,exit  ] Heap
[2024-09-20T15:07:40.778+0530][gc,heap,exit  ]  garbage-first heap   total 1048576K, used 170735K [0x00000000c0000000, 0x0000000100000000)
[2024-09-20T15:07:40.778+0530][gc,heap,exit  ]   region size 1024K, 22 young (22528K), 4 survivors (4096K)
[2024-09-20T15:07:40.778+0530][gc,heap,exit  ]  Metaspace       used 45047K, capacity 48038K, committed 48204K, reserved 1089536K
[2024-09-20T15:07:40.778+0530][gc,heap,exit  ]   class space    used 5958K, capacity 7435K, committed 7552K, reserved 1048576K
