[2024-09-20T15:15:43.918+0530][gc,heap] Heap region size: 1M
[2024-09-20T15:15:43.932+0530][gc     ] Using G1
[2024-09-20T15:15:43.932+0530][gc,heap,coops] Heap address: 0x00000000c0000000, size: 1024 MB, Compressed Oops mode: 32-bit
[2024-09-20T15:15:43.932+0530][gc,cds       ] Mark closed archive regions in map: [0x00000000fff00000, 0x00000000fff6bff8]
[2024-09-20T15:15:43.932+0530][gc,cds       ] Mark open archive regions in map: [0x00000000ffe00000, 0x00000000ffe47ff8]
[2024-09-20T15:15:44.600+0530][gc,start     ] GC(0) Pause Young (Normal) (G1 Evacuation Pause)
[2024-09-20T15:15:44.601+0530][gc,task      ] GC(0) Using 10 workers of 10 for evacuation
[2024-09-20T15:15:44.610+0530][gc,phases    ] GC(0)   Pre Evacuate Collection Set: 0.0ms
[2024-09-20T15:15:44.610+0530][gc,phases    ] GC(0)   Evacuate Collection Set: 8.4ms
[2024-09-20T15:15:44.610+0530][gc,phases    ] GC(0)   Post Evacuate Collection Set: 0.4ms
[2024-09-20T15:15:44.610+0530][gc,phases    ] GC(0)   Other: 1.1ms
[2024-09-20T15:15:44.610+0530][gc,heap      ] GC(0) Eden regions: 51->0(44)
[2024-09-20T15:15:44.610+0530][gc,heap      ] GC(0) Survivor regions: 0->7(7)
[2024-09-20T15:15:44.610+0530][gc,heap      ] GC(0) Old regions: 2->3
[2024-09-20T15:15:44.610+0530][gc,heap      ] GC(0) Humongous regions: 0->0
[2024-09-20T15:15:44.610+0530][gc,metaspace ] GC(0) Metaspace: 13913K(14464K)->13913K(14464K) NonClass: 12196K(12544K)->12196K(12544K) Class: 1716K(1920K)->1716K(1920K)
[2024-09-20T15:15:44.610+0530][gc           ] GC(0) Pause Young (Normal) (G1 Evacuation Pause) 51M->7M(1024M) 10.006ms
[2024-09-20T15:15:44.610+0530][gc,cpu       ] GC(0) User=0.09s Sys=0.00s Real=0.01s
[2024-09-20T15:15:44.954+0530][gc,start     ] GC(1) Pause Young (Concurrent Start) (Metadata GC Threshold)
[2024-09-20T15:15:44.954+0530][gc,task      ] GC(1) Using 10 workers of 10 for evacuation
[2024-09-20T15:15:44.965+0530][gc,phases    ] GC(1)   Pre Evacuate Collection Set: 0.0ms
[2024-09-20T15:15:44.965+0530][gc,phases    ] GC(1)   Evacuate Collection Set: 9.7ms
[2024-09-20T15:15:44.965+0530][gc,phases    ] GC(1)   Post Evacuate Collection Set: 0.5ms
[2024-09-20T15:15:44.965+0530][gc,phases    ] GC(1)   Other: 0.2ms
[2024-09-20T15:15:44.965+0530][gc,heap      ] GC(1) Eden regions: 32->0(49)
[2024-09-20T15:15:44.965+0530][gc,heap      ] GC(1) Survivor regions: 7->2(7)
[2024-09-20T15:15:44.965+0530][gc,heap      ] GC(1) Old regions: 3->9
[2024-09-20T15:15:44.965+0530][gc,heap      ] GC(1) Humongous regions: 0->0
[2024-09-20T15:15:44.965+0530][gc,metaspace ] GC(1) Metaspace: 20603K(21248K)->20603K(21248K) NonClass: 18102K(18432K)->18102K(18432K) Class: 2501K(2816K)->2501K(2816K)
[2024-09-20T15:15:44.965+0530][gc           ] GC(1) Pause Young (Concurrent Start) (Metadata GC Threshold) 39M->8M(1024M) 10.578ms
[2024-09-20T15:15:44.965+0530][gc,cpu       ] GC(1) User=0.06s Sys=0.00s Real=0.01s
[2024-09-20T15:15:44.965+0530][gc           ] GC(2) Concurrent Cycle
[2024-09-20T15:15:44.965+0530][gc,marking   ] GC(2) Concurrent Clear Claimed Marks
[2024-09-20T15:15:44.965+0530][gc,marking   ] GC(2) Concurrent Clear Claimed Marks 0.040ms
[2024-09-20T15:15:44.965+0530][gc,marking   ] GC(2) Concurrent Scan Root Regions
[2024-09-20T15:15:44.967+0530][gc,marking   ] GC(2) Concurrent Scan Root Regions 1.810ms
[2024-09-20T15:15:44.967+0530][gc,marking   ] GC(2) Concurrent Mark (1.052s)
[2024-09-20T15:15:44.967+0530][gc,marking   ] GC(2) Concurrent Mark From Roots
[2024-09-20T15:15:44.967+0530][gc,task      ] GC(2) Using 3 workers of 3 for marking
[2024-09-20T15:15:44.972+0530][gc,marking   ] GC(2) Concurrent Mark From Roots 5.358ms
[2024-09-20T15:15:44.972+0530][gc,marking   ] GC(2) Concurrent Preclean
[2024-09-20T15:15:44.972+0530][gc,marking   ] GC(2) Concurrent Preclean 0.179ms
[2024-09-20T15:15:44.973+0530][gc,marking   ] GC(2) Concurrent Mark (1.052s, 1.058s) 5.586ms
[2024-09-20T15:15:44.974+0530][gc,start     ] GC(2) Pause Remark
[2024-09-20T15:15:44.975+0530][gc,stringtable] GC(2) Cleaned string and symbol table, strings: 5734 processed, 0 removed, symbols: 54396 processed, 43 removed
[2024-09-20T15:15:44.976+0530][gc            ] GC(2) Pause Remark 9M->9M(1024M) 1.778ms
[2024-09-20T15:15:44.976+0530][gc,cpu        ] GC(2) User=0.01s Sys=0.00s Real=0.00s
[2024-09-20T15:15:44.976+0530][gc,marking    ] GC(2) Concurrent Rebuild Remembered Sets
[2024-09-20T15:15:44.978+0530][gc,marking    ] GC(2) Concurrent Rebuild Remembered Sets 2.182ms
[2024-09-20T15:15:44.978+0530][gc,start      ] GC(2) Pause Cleanup
[2024-09-20T15:15:44.978+0530][gc            ] GC(2) Pause Cleanup 9M->9M(1024M) 0.214ms
[2024-09-20T15:15:44.978+0530][gc,cpu        ] GC(2) User=0.00s Sys=0.00s Real=0.00s
[2024-09-20T15:15:44.978+0530][gc,marking    ] GC(2) Concurrent Cleanup for Next Mark
[2024-09-20T15:15:44.982+0530][gc,marking    ] GC(2) Concurrent Cleanup for Next Mark 3.923ms
[2024-09-20T15:15:44.982+0530][gc            ] GC(2) Concurrent Cycle 17.354ms
[2024-09-20T15:15:45.544+0530][gc,start      ] GC(3) Pause Young (Normal) (G1 Evacuation Pause)
[2024-09-20T15:15:45.544+0530][gc,task       ] GC(3) Using 10 workers of 10 for evacuation
[2024-09-20T15:15:45.548+0530][gc,phases     ] GC(3)   Pre Evacuate Collection Set: 0.0ms
[2024-09-20T15:15:45.548+0530][gc,phases     ] GC(3)   Evacuate Collection Set: 2.6ms
[2024-09-20T15:15:45.548+0530][gc,phases     ] GC(3)   Post Evacuate Collection Set: 0.9ms
[2024-09-20T15:15:45.548+0530][gc,phases     ] GC(3)   Other: 0.1ms
[2024-09-20T15:15:45.548+0530][gc,heap       ] GC(3) Eden regions: 49->0(47)
[2024-09-20T15:15:45.548+0530][gc,heap       ] GC(3) Survivor regions: 2->4(7)
[2024-09-20T15:15:45.548+0530][gc,heap       ] GC(3) Old regions: 9->9
[2024-09-20T15:15:45.548+0530][gc,heap       ] GC(3) Humongous regions: 129->129
[2024-09-20T15:15:45.548+0530][gc,metaspace  ] GC(3) Metaspace: 28712K(29696K)->28712K(29696K) NonClass: 25398K(25856K)->25398K(25856K) Class: 3314K(3840K)->3314K(3840K)
[2024-09-20T15:15:45.548+0530][gc            ] GC(3) Pause Young (Normal) (G1 Evacuation Pause) 186M->139M(1024M) 3.716ms
[2024-09-20T15:15:45.548+0530][gc,cpu        ] GC(3) User=0.02s Sys=0.00s Real=0.00s
[2024-09-20T15:15:46.123+0530][gc,heap,exit  ] Heap
[2024-09-20T15:15:46.123+0530][gc,heap,exit  ]  garbage-first heap   total 1048576K, used 177999K [0x00000000c0000000, 0x0000000100000000)
[2024-09-20T15:15:46.123+0530][gc,heap,exit  ]   region size 1024K, 39 young (39936K), 4 survivors (4096K)
[2024-09-20T15:15:46.123+0530][gc,heap,exit  ]  Metaspace       used 32841K, capacity 34204K, committed 34432K, reserved 1079296K
[2024-09-20T15:15:46.123+0530][gc,heap,exit  ]   class space    used 3978K, capacity 4614K, committed 4736K, reserved 1048576K
