[2024-09-29T15:05:33.789+0530][gc,heap] Heap region size: 1M
[2024-09-29T15:05:33.807+0530][gc     ] Using G1
[2024-09-29T15:05:33.807+0530][gc,heap,coops] Heap address: 0x00000000e0000000, size: 512 MB, Compressed Oops mode: 32-bit
[2024-09-29T15:05:33.808+0530][gc,cds       ] Mark closed archive regions in map: [0x00000000fff00000, 0x00000000fff6bff8]
[2024-09-29T15:05:33.808+0530][gc,cds       ] Mark open archive regions in map: [0x00000000ffe00000, 0x00000000ffe47ff8]
[2024-09-29T15:05:34.524+0530][gc,start     ] GC(0) Pause Young (Normal) (G1 Evacuation Pause)
[2024-09-29T15:05:34.525+0530][gc,task      ] GC(0) Using 10 workers of 10 for evacuation
[2024-09-29T15:05:34.537+0530][gc,phases    ] GC(0)   Pre Evacuate Collection Set: 0.0ms
[2024-09-29T15:05:34.537+0530][gc,phases    ] GC(0)   Evacuate Collection Set: 11.6ms
[2024-09-29T15:05:34.537+0530][gc,phases    ] GC(0)   Post Evacuate Collection Set: 0.6ms
[2024-09-29T15:05:34.537+0530][gc,phases    ] GC(0)   Other: 1.3ms
[2024-09-29T15:05:34.537+0530][gc,heap      ] GC(0) Eden regions: 25->0(21)
[2024-09-29T15:05:34.537+0530][gc,heap      ] GC(0) Survivor regions: 0->4(4)
[2024-09-29T15:05:34.537+0530][gc,heap      ] GC(0) Old regions: 2->6
[2024-09-29T15:05:34.537+0530][gc,heap      ] GC(0) Humongous regions: 0->0
[2024-09-29T15:05:34.537+0530][gc,metaspace ] GC(0) Metaspace: 7367K(7936K)->7367K(7936K) NonClass: 6533K(6912K)->6533K(6912K) Class: 833K(1024K)->833K(1024K)
[2024-09-29T15:05:34.537+0530][gc           ] GC(0) Pause Young (Normal) (G1 Evacuation Pause) 25M->8M(512M) 13.716ms
[2024-09-29T15:05:34.537+0530][gc,cpu       ] GC(0) User=0.09s Sys=0.02s Real=0.01s
[2024-09-29T16:30:53.364+0530][gc,heap,exit ] Heap
[2024-09-29T16:30:53.364+0530][gc,heap,exit ]  garbage-first heap   total 524288K, used 26910K [0x00000000e0000000, 0x0000000100000000)
[2024-09-29T16:30:53.364+0530][gc,heap,exit ]   region size 1024K, 23 young (23552K), 4 survivors (4096K)
[2024-09-29T16:30:53.364+0530][gc,heap,exit ]  Metaspace       used 9402K, capacity 9793K, committed 9984K, reserved 1058816K
[2024-09-29T16:30:53.364+0530][gc,heap,exit ]   class space    used 1003K, capacity 1165K, committed 1280K, reserved 1048576K
