[2024-09-20T14:38:08.354+0530][gc,heap] Heap region size: 1M
[2024-09-20T14:38:08.362+0530][gc     ] Using G1
[2024-09-20T14:38:08.362+0530][gc,heap,coops] Heap address: 0x00000000e0000000, size: 512 MB, Compressed Oops mode: 32-bit
[2024-09-20T14:38:08.362+0530][gc,cds       ] Mark closed archive regions in map: [0x00000000fff00000, 0x00000000fff6bff8]
[2024-09-20T14:38:08.362+0530][gc,cds       ] Mark open archive regions in map: [0x00000000ffe00000, 0x00000000ffe47ff8]
[2024-09-20T14:38:08.884+0530][gc,start     ] GC(0) Pause Young (Normal) (G1 Evacuation Pause)
[2024-09-20T14:38:08.884+0530][gc,task      ] GC(0) Using 10 workers of 10 for evacuation
[2024-09-20T14:38:08.897+0530][gc,phases    ] GC(0)   Pre Evacuate Collection Set: 0.0ms
[2024-09-20T14:38:08.897+0530][gc,phases    ] GC(0)   Evacuate Collection Set: 12.4ms
[2024-09-20T14:38:08.897+0530][gc,phases    ] GC(0)   Post Evacuate Collection Set: 0.5ms
[2024-09-20T14:38:08.898+0530][gc,phases    ] GC(0)   Other: 0.9ms
[2024-09-20T14:38:08.898+0530][gc,heap      ] GC(0) Eden regions: 25->0(21)
[2024-09-20T14:38:08.898+0530][gc,heap      ] GC(0) Survivor regions: 0->4(4)
[2024-09-20T14:38:08.898+0530][gc,heap      ] GC(0) Old regions: 2->6
[2024-09-20T14:38:08.898+0530][gc,heap      ] GC(0) Humongous regions: 0->0
[2024-09-20T14:38:08.898+0530][gc,metaspace ] GC(0) Metaspace: 7351K(7936K)->7351K(7936K) NonClass: 6518K(6912K)->6518K(6912K) Class: 833K(1024K)->833K(1024K)
[2024-09-20T14:38:08.898+0530][gc           ] GC(0) Pause Young (Normal) (G1 Evacuation Pause) 25M->7M(512M) 14.017ms
[2024-09-20T14:38:08.898+0530][gc,cpu       ] GC(0) User=0.12s Sys=0.01s Real=0.02s
[2024-09-20T15:07:38.527+0530][gc,heap,exit ] Heap
[2024-09-20T15:07:38.527+0530][gc,heap,exit ]  garbage-first heap   total 524288K, used 27610K [0x00000000e0000000, 0x0000000100000000)
[2024-09-20T15:07:38.527+0530][gc,heap,exit ]   region size 1024K, 24 young (24576K), 4 survivors (4096K)
[2024-09-20T15:07:38.527+0530][gc,heap,exit ]  Metaspace       used 9381K, capacity 9729K, committed 9984K, reserved 1058816K
[2024-09-20T15:07:38.527+0530][gc,heap,exit ]   class space    used 1003K, capacity 1165K, committed 1280K, reserved 1048576K
