[2024-09-20T15:15:29.052+0530][gc,heap] Heap region size: 1M
[2024-09-20T15:15:29.061+0530][gc     ] Using G1
[2024-09-20T15:15:29.061+0530][gc,heap,coops] Heap address: 0x00000000e0000000, size: 512 MB, Compressed Oops mode: 32-bit
[2024-09-20T15:15:29.061+0530][gc,cds       ] Mark closed archive regions in map: [0x00000000fff00000, 0x00000000fff6bff8]
[2024-09-20T15:15:29.061+0530][gc,cds       ] Mark open archive regions in map: [0x00000000ffe00000, 0x00000000ffe47ff8]
[2024-09-20T15:15:29.558+0530][gc,start     ] GC(0) Pause Young (Normal) (G1 Evacuation Pause)
[2024-09-20T15:15:29.559+0530][gc,task      ] GC(0) Using 10 workers of 10 for evacuation
[2024-09-20T15:15:29.570+0530][gc,phases    ] GC(0)   Pre Evacuate Collection Set: 0.0ms
[2024-09-20T15:15:29.570+0530][gc,phases    ] GC(0)   Evacuate Collection Set: 10.6ms
[2024-09-20T15:15:29.571+0530][gc,phases    ] GC(0)   Post Evacuate Collection Set: 0.5ms
[2024-09-20T15:15:29.571+0530][gc,phases    ] GC(0)   Other: 1.3ms
[2024-09-20T15:15:29.571+0530][gc,heap      ] GC(0) Eden regions: 25->0(21)
[2024-09-20T15:15:29.571+0530][gc,heap      ] GC(0) Survivor regions: 0->4(4)
[2024-09-20T15:15:29.571+0530][gc,heap      ] GC(0) Old regions: 2->6
[2024-09-20T15:15:29.571+0530][gc,heap      ] GC(0) Humongous regions: 0->0
[2024-09-20T15:15:29.571+0530][gc,metaspace ] GC(0) Metaspace: 7347K(7936K)->7347K(7936K) NonClass: 6514K(6912K)->6514K(6912K) Class: 833K(1024K)->833K(1024K)
[2024-09-20T15:15:29.571+0530][gc           ] GC(0) Pause Young (Normal) (G1 Evacuation Pause) 25M->7M(512M) 12.512ms
[2024-09-20T15:15:29.571+0530][gc,cpu       ] GC(0) User=0.10s Sys=0.01s Real=0.01s
[2024-09-20T17:29:55.921+0530][gc,start     ] GC(1) Pause Young (Normal) (G1 Evacuation Pause)
[2024-09-20T17:29:55.921+0530][gc,task      ] GC(1) Using 10 workers of 10 for evacuation
[2024-09-20T17:29:55.934+0530][gc,phases    ] GC(1)   Pre Evacuate Collection Set: 0.3ms
[2024-09-20T17:29:55.934+0530][gc,phases    ] GC(1)   Evacuate Collection Set: 11.7ms
[2024-09-20T17:29:55.934+0530][gc,phases    ] GC(1)   Post Evacuate Collection Set: 0.6ms
[2024-09-20T17:29:55.934+0530][gc,phases    ] GC(1)   Other: 0.4ms
[2024-09-20T17:29:55.934+0530][gc,heap      ] GC(1) Eden regions: 21->0(24)
[2024-09-20T17:29:55.934+0530][gc,heap      ] GC(1) Survivor regions: 4->1(4)
[2024-09-20T17:29:55.935+0530][gc,heap      ] GC(1) Old regions: 6->10
[2024-09-20T17:29:55.935+0530][gc,heap      ] GC(1) Humongous regions: 0->0
[2024-09-20T17:29:55.935+0530][gc,metaspace ] GC(1) Metaspace: 9460K(10240K)->9460K(10240K) NonClass: 8455K(8960K)->8455K(8960K) Class: 1005K(1280K)->1005K(1280K)
[2024-09-20T17:29:55.935+0530][gc           ] GC(1) Pause Young (Normal) (G1 Evacuation Pause) 28M->9M(512M) 13.356ms
[2024-09-20T17:29:55.935+0530][gc,cpu       ] GC(1) User=0.12s Sys=0.00s Real=0.02s
[2024-09-20T20:02:36.720+0530][gc,heap,exit ] Heap
[2024-09-20T20:02:36.721+0530][gc,heap,exit ]  garbage-first heap   total 524288K, used 19600K [0x00000000e0000000, 0x0000000100000000)
[2024-09-20T20:02:36.722+0530][gc,heap,exit ]   region size 1024K, 12 young (12288K), 1 survivors (1024K)
[2024-09-20T20:02:36.723+0530][gc,heap,exit ]  Metaspace       used 9465K, capacity 9842K, committed 10240K, reserved 1058816K
[2024-09-20T20:02:36.724+0530][gc,heap,exit ]   class space    used 1005K, capacity 1165K, committed 1280K, reserved 1048576K
