[2024-09-27T18:13:59.877+0530][gc,heap] Heap region size: 1M
[2024-09-27T18:13:59.900+0530][gc     ] Using G1
[2024-09-27T18:13:59.900+0530][gc,heap,coops] Heap address: 0x00000000e0000000, size: 512 MB, Compressed Oops mode: 32-bit
[2024-09-27T18:13:59.901+0530][gc,cds       ] Mark closed archive regions in map: [0x00000000fff00000, 0x00000000fff6bff8]
[2024-09-27T18:13:59.901+0530][gc,cds       ] Mark open archive regions in map: [0x00000000ffe00000, 0x00000000ffe47ff8]
[2024-09-27T18:14:00.684+0530][gc,start     ] GC(0) Pause Young (Normal) (G1 Evacuation Pause)
[2024-09-27T18:14:00.685+0530][gc,task      ] GC(0) Using 10 workers of 10 for evacuation
[2024-09-27T18:14:00.697+0530][gc,phases    ] GC(0)   Pre Evacuate Collection Set: 0.0ms
[2024-09-27T18:14:00.697+0530][gc,phases    ] GC(0)   Evacuate Collection Set: 11.7ms
[2024-09-27T18:14:00.697+0530][gc,phases    ] GC(0)   Post Evacuate Collection Set: 0.6ms
[2024-09-27T18:14:00.697+0530][gc,phases    ] GC(0)   Other: 1.2ms
[2024-09-27T18:14:00.698+0530][gc,heap      ] GC(0) Eden regions: 25->0(21)
[2024-09-27T18:14:00.698+0530][gc,heap      ] GC(0) Survivor regions: 0->4(4)
[2024-09-27T18:14:00.698+0530][gc,heap      ] GC(0) Old regions: 2->6
[2024-09-27T18:14:00.698+0530][gc,heap      ] GC(0) Humongous regions: 0->0
[2024-09-27T18:14:00.698+0530][gc,metaspace ] GC(0) Metaspace: 7371K(7936K)->7371K(7936K) NonClass: 6538K(6912K)->6538K(6912K) Class: 833K(1024K)->833K(1024K)
[2024-09-27T18:14:00.698+0530][gc           ] GC(0) Pause Young (Normal) (G1 Evacuation Pause) 25M->7M(512M) 13.753ms
[2024-09-27T18:14:00.698+0530][gc,cpu       ] GC(0) User=0.11s Sys=0.00s Real=0.02s
[2024-09-27T18:19:54.812+0530][gc,heap,exit ] Heap
[2024-09-27T18:19:54.812+0530][gc,heap,exit ]  garbage-first heap   total 524288K, used 14255K [0x00000000e0000000, 0x0000000100000000)
[2024-09-27T18:19:54.812+0530][gc,heap,exit ]   region size 1024K, 11 young (11264K), 4 survivors (4096K)
[2024-09-27T18:19:54.812+0530][gc,heap,exit ]  Metaspace       used 8210K, capacity 8582K, committed 8832K, reserved 1056768K
[2024-09-27T18:19:54.812+0530][gc,heap,exit ]   class space    used 922K, capacity 1065K, committed 1152K, reserved 1048576K
